../Core/Src/main.c:86:5:main	696	static
../Core/Src/main.c:216:6:SystemClock_Config	72	static
../Core/Src/main.c:255:13:MX_TIM1_Init	72	static
../Core/Src/main.c:331:13:MX_TIM3_Init	72	static
../Core/Src/main.c:405:13:MX_USART1_UART_Init	8	static
../Core/Src/main.c:453:13:MX_USART2_UART_Init	8	static
../Core/Src/main.c:501:13:MX_USB_PCD_Init	8	static
../Core/Src/main.c:537:13:MX_GPIO_Init	24	static
../Core/Src/main.c:554:6:HAL_TIM_IC_CaptureCallback	40	static
../Core/Src/main.c:592:6:Error_Handler	8	static,ignoring_inline_asm
