../Drivers/CMSIS/Include/core_cm0plus.h:741:22:__NVIC_EnableIRQ	16	static,ignoring_inline_asm
../Drivers/CMSIS/Include/core_cm0plus.h:779:22:__NVIC_DisableIRQ	16	static,ignoring_inline_asm
../tinyusb-src/portable/st/stm32_fsdev/fsdev_stm32.h:375:6:dcd_int_enable	24	static,ignoring_inline_asm
../tinyusb-src/portable/st/stm32_fsdev/fsdev_stm32.h:398:6:dcd_int_disable	24	static
../tinyusb-src/portable/st/stm32_fsdev/fsdev_stm32.h:423:6:dcd_disconnect	16	static
../tinyusb-src/portable/st/stm32_fsdev/fsdev_stm32.h:428:6:dcd_connect	16	static
../tinyusb-src/portable/st/stm32_fsdev/dcd_stm32_fsdev.c:190:6:dcd_init	48	static,ignoring_inline_asm
../tinyusb-src/portable/st/stm32_fsdev/dcd_stm32_fsdev.c:234:6:dcd_sof_enable	16	static
../tinyusb-src/portable/st/stm32_fsdev/dcd_stm32_fsdev.c:245:6:dcd_set_address	16	static
../tinyusb-src/portable/st/stm32_fsdev/dcd_stm32_fsdev.c:255:6:dcd_remote_wakeup	16	static
../tinyusb-src/portable/st/stm32_fsdev/dcd_stm32_fsdev.c:262:13:handle_bus_reset	24	static
../tinyusb-src/portable/st/stm32_fsdev/dcd_stm32_fsdev.c:282:13:handle_ctr_tx	96	static
../tinyusb-src/portable/st/stm32_fsdev/dcd_stm32_fsdev.c:307:13:handle_ctr_setup	152	static
../tinyusb-src/portable/st/stm32_fsdev/dcd_stm32_fsdev.c:329:13:handle_ctr_rx	232	static
../tinyusb-src/portable/st/stm32_fsdev/dcd_stm32_fsdev.c:379:6:dcd_int_handler	160	static
../tinyusb-src/portable/st/stm32_fsdev/dcd_stm32_fsdev.c:482:6:dcd_edpt0_status_complete	72	static
../tinyusb-src/portable/st/stm32_fsdev/dcd_stm32_fsdev.c:500:17:dcd_pma_alloc	56	static
../tinyusb-src/portable/st/stm32_fsdev/dcd_stm32_fsdev.c:524:16:dcd_ep_alloc	32	static
../tinyusb-src/portable/st/stm32_fsdev/dcd_stm32_fsdev.c:565:6:edpt0_open	152	static
../tinyusb-src/portable/st/stm32_fsdev/dcd_stm32_fsdev.c:593:6:dcd_edpt_open	104	static
../tinyusb-src/portable/st/stm32_fsdev/dcd_stm32_fsdev.c:642:6:dcd_edpt_close_all	32	static
../tinyusb-src/portable/st/stm32_fsdev/dcd_stm32_fsdev.c:661:6:dcd_edpt_iso_alloc	80	static
../tinyusb-src/portable/st/stm32_fsdev/dcd_stm32_fsdev.c:690:6:dcd_edpt_iso_activate	96	static
../tinyusb-src/portable/st/stm32_fsdev/dcd_stm32_fsdev.c:727:13:dcd_transmit_packet	88	static
../tinyusb-src/portable/st/stm32_fsdev/dcd_stm32_fsdev.c:763:13:edpt_xfer	224	static
../tinyusb-src/portable/st/stm32_fsdev/dcd_stm32_fsdev.c:791:6:dcd_edpt_xfer	40	static
../tinyusb-src/portable/st/stm32_fsdev/dcd_stm32_fsdev.c:804:6:dcd_edpt_xfer_fifo	40	static
../tinyusb-src/portable/st/stm32_fsdev/dcd_stm32_fsdev.c:817:6:dcd_edpt_stall	72	static
../tinyusb-src/portable/st/stm32_fsdev/dcd_stm32_fsdev.c:831:6:dcd_edpt_clear_stall	80	static
../tinyusb-src/portable/st/stm32_fsdev/dcd_stm32_fsdev.c:856:13:dcd_write_packet_memory	48	static
../tinyusb-src/portable/st/stm32_fsdev/dcd_stm32_fsdev.c:885:13:dcd_read_packet_memory	48	static
../tinyusb-src/portable/st/stm32_fsdev/dcd_stm32_fsdev.c:912:13:dcd_write_packet_memory_ff	80	static
../tinyusb-src/portable/st/stm32_fsdev/dcd_stm32_fsdev.c:961:13:dcd_read_packet_memory_ff	80	static
