Archive member included to satisfy reference by file (symbol)

C:/ST/STM32CubeIDE_1.19.0/STM32CubeIDE/plugins/com.st.stm32cube.ide.mcu.externaltools.gnu-tools-for-stm32.13.3.rel1.win32_1.0.0.202411081344/tools/bin/../lib/gcc/arm-none-eabi/13.3.1/../../../../arm-none-eabi/lib/thumb/v6-m/nofp\libc_nano.a(libc_a-exit.o)
                              C:/ST/STM32CubeIDE_1.19.0/STM32CubeIDE/plugins/com.st.stm32cube.ide.mcu.externaltools.gnu-tools-for-stm32.13.3.rel1.win32_1.0.0.202411081344/tools/bin/../lib/gcc/arm-none-eabi/13.3.1/../../../../arm-none-eabi/lib/thumb/v6-m/nofp/crt0.o (exit)
C:/ST/STM32CubeIDE_1.19.0/STM32CubeIDE/plugins/com.st.stm32cube.ide.mcu.externaltools.gnu-tools-for-stm32.13.3.rel1.win32_1.0.0.202411081344/tools/bin/../lib/gcc/arm-none-eabi/13.3.1/../../../../arm-none-eabi/lib/thumb/v6-m/nofp\libc_nano.a(libc_a-nano-vfprintf_float.o)
                              (_printf_float)
C:/ST/STM32CubeIDE_1.19.0/STM32CubeIDE/plugins/com.st.stm32cube.ide.mcu.externaltools.gnu-tools-for-stm32.13.3.rel1.win32_1.0.0.202411081344/tools/bin/../lib/gcc/arm-none-eabi/13.3.1/../../../../arm-none-eabi/lib/thumb/v6-m/nofp\libc_nano.a(libc_a-nano-vfprintf_i.o)
                              C:/ST/STM32CubeIDE_1.19.0/STM32CubeIDE/plugins/com.st.stm32cube.ide.mcu.externaltools.gnu-tools-for-stm32.13.3.rel1.win32_1.0.0.202411081344/tools/bin/../lib/gcc/arm-none-eabi/13.3.1/../../../../arm-none-eabi/lib/thumb/v6-m/nofp\libc_nano.a(libc_a-nano-vfprintf_float.o) (_printf_common)
C:/ST/STM32CubeIDE_1.19.0/STM32CubeIDE/plugins/com.st.stm32cube.ide.mcu.externaltools.gnu-tools-for-stm32.13.3.rel1.win32_1.0.0.202411081344/tools/bin/../lib/gcc/arm-none-eabi/13.3.1/../../../../arm-none-eabi/lib/thumb/v6-m/nofp\libc_nano.a(libc_a-nano-vfscanf_float.o)
                              (_scanf_float)
C:/ST/STM32CubeIDE_1.19.0/STM32CubeIDE/plugins/com.st.stm32cube.ide.mcu.externaltools.gnu-tools-for-stm32.13.3.rel1.win32_1.0.0.202411081344/tools/bin/../lib/gcc/arm-none-eabi/13.3.1/../../../../arm-none-eabi/lib/thumb/v6-m/nofp\libc_nano.a(libc_a-findfp.o)
                              C:/ST/STM32CubeIDE_1.19.0/STM32CubeIDE/plugins/com.st.stm32cube.ide.mcu.externaltools.gnu-tools-for-stm32.13.3.rel1.win32_1.0.0.202411081344/tools/bin/../lib/gcc/arm-none-eabi/13.3.1/../../../../arm-none-eabi/lib/thumb/v6-m/nofp\libc_nano.a(libc_a-exit.o) (__stdio_exit_handler)
C:/ST/STM32CubeIDE_1.19.0/STM32CubeIDE/plugins/com.st.stm32cube.ide.mcu.externaltools.gnu-tools-for-stm32.13.3.rel1.win32_1.0.0.202411081344/tools/bin/../lib/gcc/arm-none-eabi/13.3.1/../../../../arm-none-eabi/lib/thumb/v6-m/nofp\libc_nano.a(libc_a-fwalk.o)
                              C:/ST/STM32CubeIDE_1.19.0/STM32CubeIDE/plugins/com.st.stm32cube.ide.mcu.externaltools.gnu-tools-for-stm32.13.3.rel1.win32_1.0.0.202411081344/tools/bin/../lib/gcc/arm-none-eabi/13.3.1/../../../../arm-none-eabi/lib/thumb/v6-m/nofp\libc_nano.a(libc_a-findfp.o) (_fwalk_sglue)
C:/ST/STM32CubeIDE_1.19.0/STM32CubeIDE/plugins/com.st.stm32cube.ide.mcu.externaltools.gnu-tools-for-stm32.13.3.rel1.win32_1.0.0.202411081344/tools/bin/../lib/gcc/arm-none-eabi/13.3.1/../../../../arm-none-eabi/lib/thumb/v6-m/nofp\libc_nano.a(libc_a-snprintf.o)
                              ./Core/Src/main.o (snprintf)
C:/ST/STM32CubeIDE_1.19.0/STM32CubeIDE/plugins/com.st.stm32cube.ide.mcu.externaltools.gnu-tools-for-stm32.13.3.rel1.win32_1.0.0.202411081344/tools/bin/../lib/gcc/arm-none-eabi/13.3.1/../../../../arm-none-eabi/lib/thumb/v6-m/nofp\libc_nano.a(libc_a-sprintf.o)
                              C:/ST/STM32CubeIDE_1.19.0/STM32CubeIDE/plugins/com.st.stm32cube.ide.mcu.externaltools.gnu-tools-for-stm32.13.3.rel1.win32_1.0.0.202411081344/tools/bin/../lib/gcc/arm-none-eabi/13.3.1/../../../../arm-none-eabi/lib/thumb/v6-m/nofp\libc_nano.a(libc_a-nano-vfscanf_float.o) (sprintf)
C:/ST/STM32CubeIDE_1.19.0/STM32CubeIDE/plugins/com.st.stm32cube.ide.mcu.externaltools.gnu-tools-for-stm32.13.3.rel1.win32_1.0.0.202411081344/tools/bin/../lib/gcc/arm-none-eabi/13.3.1/../../../../arm-none-eabi/lib/thumb/v6-m/nofp\libc_nano.a(libc_a-stdio.o)
                              C:/ST/STM32CubeIDE_1.19.0/STM32CubeIDE/plugins/com.st.stm32cube.ide.mcu.externaltools.gnu-tools-for-stm32.13.3.rel1.win32_1.0.0.202411081344/tools/bin/../lib/gcc/arm-none-eabi/13.3.1/../../../../arm-none-eabi/lib/thumb/v6-m/nofp\libc_nano.a(libc_a-findfp.o) (__sread)
C:/ST/STM32CubeIDE_1.19.0/STM32CubeIDE/plugins/com.st.stm32cube.ide.mcu.externaltools.gnu-tools-for-stm32.13.3.rel1.win32_1.0.0.202411081344/tools/bin/../lib/gcc/arm-none-eabi/13.3.1/../../../../arm-none-eabi/lib/thumb/v6-m/nofp\libc_nano.a(libc_a-memset.o)
                              C:/ST/STM32CubeIDE_1.19.0/STM32CubeIDE/plugins/com.st.stm32cube.ide.mcu.externaltools.gnu-tools-for-stm32.13.3.rel1.win32_1.0.0.202411081344/tools/bin/../lib/gcc/arm-none-eabi/13.3.1/../../../../arm-none-eabi/lib/thumb/v6-m/nofp/crt0.o (memset)
[...]
Memory Configuration

Name             Origin             Length             Attributes
RAM              0x20000000         0x00006000         xrw
FLASH            0x08000000         0x00020000         xr
*default*        0x00000000         0xffffffff

Linker script and memory map

LOAD C:/ST/STM32CubeIDE_1.19.0/STM32CubeIDE/plugins/com.st.stm32cube.ide.mcu.externaltools.gnu-tools-for-stm32.13.3.rel1.win32_1.0.0.202411081344/tools/bin/../lib/gcc/arm-none-eabi/13.3.1/thumb/v6-m/nofp/crti.o
LOAD C:/ST/STM32CubeIDE_1.19.0/STM32CubeIDE/plugins/com.st.stm32cube.ide.mcu.externaltools.gnu-tools-for-stm32.13.3.rel1.win32_1.0.0.202411081344/tools/bin/../lib/gcc/arm-none-eabi/13.3.1/thumb/v6-m/nofp/crtbegin.o
LOAD C:/ST/STM32CubeIDE_1.19.0/STM32CubeIDE/plugins/com.st.stm32cube.ide.mcu.externaltools.gnu-tools-for-stm32.13.3.rel1.win32_1.0.0.202411081344/tools/bin/../lib/gcc/arm-none-eabi/13.3.1/../../../../arm-none-eabi/lib/thumb/v6-m/nofp/crt0.o
LOAD ./Core/Src/main.o
LOAD ./Core/Src/stm32c0xx_hal_msp.o
LOAD ./Core/Src/stm32c0xx_it.o
LOAD ./Core/Src/syscalls.o
LOAD ./Core/Src/sysmem.o
LOAD ./Core/Src/system_stm32c0xx.o
LOAD ./Core/Src/usb_descriptors.o
LOAD ./Core/Startup/startup_stm32c071kbtx.o
LOAD ./Drivers/STM32C0xx_HAL_Driver/Src/stm32c0xx_hal.o
LOAD ./Drivers/STM32C0xx_HAL_Driver/Src/stm32c0xx_hal_cortex.o
LOAD ./Drivers/STM32C0xx_HAL_Driver/Src/stm32c0xx_hal_dma.o
LOAD ./Drivers/STM32C0xx_HAL_Driver/Src/stm32c0xx_hal_dma_ex.o
LOAD ./Drivers/STM32C0xx_HAL_Driver/Src/stm32c0xx_hal_exti.o
LOAD ./Drivers/STM32C0xx_HAL_Driver/Src/stm32c0xx_hal_flash.o
LOAD ./Drivers/STM32C0xx_HAL_Driver/Src/stm32c0xx_hal_flash_ex.o
LOAD ./Drivers/STM32C0xx_HAL_Driver/Src/stm32c0xx_hal_gpio.o
LOAD ./Drivers/STM32C0xx_HAL_Driver/Src/stm32c0xx_hal_pcd.o
LOAD ./Drivers/STM32C0xx_HAL_Driver/Src/stm32c0xx_hal_pcd_ex.o
LOAD ./Drivers/STM32C0xx_HAL_Driver/Src/stm32c0xx_hal_pwr.o
LOAD ./Drivers/STM32C0xx_HAL_Driver/Src/stm32c0xx_hal_pwr_ex.o
LOAD ./Drivers/STM32C0xx_HAL_Driver/Src/stm32c0xx_hal_rcc.o
LOAD ./Drivers/STM32C0xx_HAL_Driver/Src/stm32c0xx_hal_rcc_ex.o
LOAD ./Drivers/STM32C0xx_HAL_Driver/Src/stm32c0xx_hal_tim.o
LOAD ./Drivers/STM32C0xx_HAL_Driver/Src/stm32c0xx_hal_tim_ex.o
LOAD ./Drivers/STM32C0xx_HAL_Driver/Src/stm32c0xx_hal_uart.o
LOAD ./Drivers/STM32C0xx_HAL_Driver/Src/stm32c0xx_hal_uart_ex.o
LOAD ./Drivers/STM32C0xx_HAL_Driver/Src/stm32c0xx_ll_usb.o
LOAD ./tinyusb-src/class/audio/audio_device.o
LOAD ./tinyusb-src/class/bth/bth_device.o
LOAD ./tinyusb-src/class/cdc/cdc_device.o
LOAD ./tinyusb-src/class/cdc/cdc_host.o
LOAD ./tinyusb-src/class/cdc/cdc_rndis_host.o
LOAD ./tinyusb-src/class/dfu/dfu_device.o
LOAD ./tinyusb-src/class/dfu/dfu_rt_device.o
LOAD ./tinyusb-src/class/hid/hid_device.o
LOAD ./tinyusb-src/class/hid/hid_host.o
LOAD ./tinyusb-src/class/midi/midi_device.o
LOAD ./tinyusb-src/class/midi/midi_host.o
LOAD ./tinyusb-src/class/msc/msc_device.o
LOAD ./tinyusb-src/class/msc/msc_host.o
LOAD ./tinyusb-src/class/mtp/mtp_device.o
LOAD ./tinyusb-src/class/net/ecm_rndis_device.o
LOAD ./tinyusb-src/class/net/ncm_device.o
LOAD ./tinyusb-src/class/usbtmc/usbtmc_device.o
LOAD ./tinyusb-src/class/vendor/vendor_device.o
LOAD ./tinyusb-src/class/vendor/vendor_host.o
LOAD ./tinyusb-src/class/video/video_device.o
LOAD ./tinyusb-src/common/tusb_fifo.o
LOAD ./tinyusb-src/device/usbd.o
LOAD ./tinyusb-src/device/usbd_control.o
LOAD ./tinyusb-src/host/hub.o
LOAD ./tinyusb-src/host/usbh.o
LOAD ./tinyusb-src/portable/analog/max3421/hcd_max3421.o
LOAD ./tinyusb-src/portable/bridgetek/ft9xx/dcd_ft9xx.o
LOAD ./tinyusb-src/portable/chipidea/ci_fs/dcd_ci_fs.o
LOAD ./tinyusb-src/portable/chipidea/ci_hs/dcd_ci_hs.o
LOAD ./tinyusb-src/portable/chipidea/ci_hs/hcd_ci_hs.o
LOAD ./tinyusb-src/portable/dialog/da146xx/dcd_da146xx.o
LOAD ./tinyusb-src/portable/ehci/ehci.o
LOAD ./tinyusb-src/portable/mentor/musb/dcd_musb.o
LOAD ./tinyusb-src/portable/mentor/musb/hcd_musb.o
LOAD ./tinyusb-src/portable/microchip/pic/dcd_pic.o
LOAD ./tinyusb-src/portable/microchip/pic32mz/dcd_pic32mz.o
LOAD ./tinyusb-src/portable/microchip/samd/dcd_samd.o
LOAD ./tinyusb-src/portable/microchip/samd/hcd_samd.o
LOAD ./tinyusb-src/portable/microchip/samg/dcd_samg.o
LOAD ./tinyusb-src/portable/microchip/samx7x/dcd_samx7x.o
LOAD ./tinyusb-src/portable/mindmotion/mm32/dcd_mm32f327x_otg.o
LOAD ./tinyusb-src/portable/nordic/nrf5x/dcd_nrf5x.o
LOAD ./tinyusb-src/portable/nuvoton/nuc120/dcd_nuc120.o
LOAD ./tinyusb-src/portable/nuvoton/nuc121/dcd_nuc121.o
LOAD ./tinyusb-src/portable/nuvoton/nuc505/dcd_nuc505.o
LOAD ./tinyusb-src/portable/nxp/khci/dcd_khci.o
LOAD ./tinyusb-src/portable/nxp/khci/hcd_khci.o
LOAD ./tinyusb-src/portable/nxp/lpc17_40/dcd_lpc17_40.o
LOAD ./tinyusb-src/portable/nxp/lpc_ip3511/dcd_lpc_ip3511.o
LOAD ./tinyusb-src/portable/ohci/ohci.o
LOAD ./tinyusb-src/portable/raspberrypi/pio_usb/dcd_pio_usb.o
LOAD ./tinyusb-src/portable/raspberrypi/pio_usb/hcd_pio_usb.o
LOAD ./tinyusb-src/portable/raspberrypi/rp2040/dcd_rp2040.o
LOAD ./tinyusb-src/portable/raspberrypi/rp2040/hcd_rp2040.o
LOAD ./tinyusb-src/portable/raspberrypi/rp2040/rp2040_usb.o
LOAD ./tinyusb-src/portable/renesas/rusb2/dcd_rusb2.o
LOAD ./tinyusb-src/portable/renesas/rusb2/hcd_rusb2.o
LOAD ./tinyusb-src/portable/renesas/rusb2/rusb2_common.o
LOAD ./tinyusb-src/portable/sony/cxd56/dcd_cxd56.o
LOAD ./tinyusb-src/portable/st/stm32_fsdev/dcd_stm32_fsdev.o
LOAD ./tinyusb-src/portable/st/typec/typec_stm32.o
LOAD ./tinyusb-src/portable/sunxi/dcd_sunxi_musb.o
LOAD ./tinyusb-src/portable/synopsys/dwc2/dcd_dwc2.o
LOAD ./tinyusb-src/portable/synopsys/dwc2/dwc2_common.o
LOAD ./tinyusb-src/portable/synopsys/dwc2/hcd_dwc2.o
LOAD ./tinyusb-src/portable/template/dcd_template.o
LOAD ./tinyusb-src/portable/template/hcd_template.o
LOAD ./tinyusb-src/portable/ti/msp430x5xx/dcd_msp430x5xx.o
LOAD ./tinyusb-src/portable/valentyusb/eptri/dcd_eptri.o
LOAD ./tinyusb-src/portable/wch/dcd_ch32_usbfs.o
LOAD ./tinyusb-src/portable/wch/dcd_ch32_usbhs.o
LOAD ./tinyusb-src/portable/wch/hcd_ch32_usbfs.o
LOAD ./tinyusb-src/tusb.o
LOAD ./tinyusb-src/typec/usbc.o
START GROUP
LOAD C:/ST/STM32CubeIDE_1.19.0/STM32CubeIDE/plugins/com.st.stm32cube.ide.mcu.externaltools.gnu-tools-for-stm32.13.3.rel1.win32_1.0.0.202411081344/tools/bin/../lib/gcc/arm-none-eabi/13.3.1/../../../../arm-none-eabi/lib/thumb/v6-m/nofp\libstdc++_nano.a
LOAD C:/ST/STM32CubeIDE_1.19.0/STM32CubeIDE/plugins/com.st.stm32cube.ide.mcu.externaltools.gnu-tools-for-stm32.13.3.rel1.win32_1.0.0.202411081344/tools/bin/../lib/gcc/arm-none-eabi/13.3.1/../../../../arm-none-eabi/lib/thumb/v6-m/nofp\libsupc++_nano.a
END GROUP
LOAD C:/ST/STM32CubeIDE_1.19.0/STM32CubeIDE/plugins/com.st.stm32cube.ide.mcu.externaltools.gnu-tools-for-stm32.13.3.rel1.win32_1.0.0.202411081344/tools/bin/../lib/gcc/arm-none-eabi/13.3.1/../../../../arm-none-eabi/lib/thumb/v6-m/nofp\libstdc++_nano.a
LOAD C:/ST/STM32CubeIDE_1.19.0/STM32CubeIDE/plugins/com.st.stm32cube.ide.mcu.externaltools.gnu-tools-for-stm32.13.3.rel1.win32_1.0.0.202411081344/tools/bin/../lib/gcc/arm-none-eabi/13.3.1/../../../../arm-none-eabi/lib/thumb/v6-m/nofp\libm.a
LOAD C:/ST/STM32CubeIDE_1.19.0/STM32CubeIDE/plugins/com.st.stm32cube.ide.mcu.externaltools.gnu-tools-for-stm32.13.3.rel1.win32_1.0.0.202411081344/tools/bin/../lib/gcc/arm-none-eabi/13.3.1/../../../../arm-none-eabi/lib/thumb/v6-m/nofp\libc_nano.a
START GROUP
LOAD C:/ST/STM32CubeIDE_1.19.0/STM32CubeIDE/plugins/com.st.stm32cube.ide.mcu.externaltools.gnu-tools-for-stm32.13.3.rel1.win32_1.0.0.202411081344/tools/bin/../lib/gcc/arm-none-eabi/13.3.1/thumb/v6-m/nofp\libgcc.a
LOAD C:/ST/STM32CubeIDE_1.19.0/STM32CubeIDE/plugins/com.st.stm32cube.ide.mcu.externaltools.gnu-tools-for-stm32.13.3.rel1.win32_1.0.0.202411081344/tools/bin/../lib/gcc/arm-none-eabi/13.3.1/../../../../arm-none-eabi/lib/thumb/v6-m/nofp\libc_nano.a
END GROUP
START GROUP
LOAD C:/ST/STM32CubeIDE_1.19.0/STM32CubeIDE/plugins/com.st.stm32cube.ide.mcu.externaltools.gnu-tools-for-stm32.13.3.rel1.win32_1.0.0.202411081344/tools/bin/../lib/gcc/arm-none-eabi/13.3.1/thumb/v6-m/nofp\libgcc.a
LOAD C:/ST/STM32CubeIDE_1.19.0/STM32CubeIDE/plugins/com.st.stm32cube.ide.mcu.externaltools.gnu-tools-for-stm32.13.3.rel1.win32_1.0.0.202411081344/tools/bin/../lib/gcc/arm-none-eabi/13.3.1/../../../../arm-none-eabi/lib/thumb/v6-m/nofp\libc_nano.a
LOAD C:/ST/STM32CubeIDE_1.19.0/STM32CubeIDE/plugins/com.st.stm32cube.ide.mcu.externaltools.gnu-tools-for-stm32.13.3.rel1.win32_1.0.0.202411081344/tools/bin/../lib/gcc/arm-none-eabi/13.3.1/../../../../arm-none-eabi/lib/thumb/v6-m/nofp\libnosys.a
END GROUP
START GROUP
LOAD C:/ST/STM32CubeIDE_1.19.0/STM32CubeIDE/plugins/com.st.stm32cube.ide.mcu.externaltools.gnu-tools-for-stm32.13.3.rel1.win32_1.0.0.202411081344/tools/bin/../lib/gcc/arm-none-eabi/13.3.1/thumb/v6-m/nofp\libgcc.a
LOAD C:/ST/STM32CubeIDE_1.19.0/STM32CubeIDE/plugins/com.st.stm32cube.ide.mcu.externaltools.gnu-tools-for-stm32.13.3.rel1.win32_1.0.0.202411081344/tools/bin/../lib/gcc/arm-none-eabi/13.3.1/../../../../arm-none-eabi/lib/thumb/v6-m/nofp\libc_nano.a
LOAD C:/ST/STM32CubeIDE_1.19.0/STM32CubeIDE/plugins/com.st.stm32cube.ide.mcu.externaltools.gnu-tools-for-stm32.13.3.rel1.win32_1.0.0.202411081344/tools/bin/../lib/gcc/arm-none-eabi/13.3.1/../../../../arm-none-eabi/lib/thumb/v6-m/nofp\libnosys.a
END GROUP
LOAD C:/ST/STM32CubeIDE_1.19.0/STM32CubeIDE/plugins/com.st.stm32cube.ide.mcu.externaltools.gnu-tools-for-stm32.13.3.rel1.win32_1.0.0.202411081344/tools/bin/../lib/gcc/arm-none-eabi/13.3.1/thumb/v6-m/nofp/crtend.o
LOAD C:/ST/STM32CubeIDE_1.19.0/STM32CubeIDE/plugins/com.st.stm32cube.ide.mcu.externaltools.gnu-tools-for-stm32.13.3.rel1.win32_1.0.0.202411081344/tools/bin/../lib/gcc/arm-none-eabi/13.3.1/thumb/v6-m/nofp/crtn.o
                0x20006000                        _estack = (ORIGIN (RAM) + LENGTH (RAM))
                0x00000200                        _Min_Heap_Size = 0x200
                0x00000400                        _Min_Stack_Size = 0x400

.isr_vector     0x08000000       0xc0
                0x08000000                        . = ALIGN (0x4)
 *(.isr_vector)
 .isr_vector    0x08000000       0xc0 ./Core/Startup/startup_stm32c071kbtx.o
                0x08000000                g_pfnVectors
                0x080000c0                        . = ALIGN (0x4)

.text           0x080000c0    0x12984
                0x080000c0                        . = ALIGN (0x4)
 *(.text)
 .text          0x080000c0       0x48 C:/ST/STM32CubeIDE_1.19.0/STM32CubeIDE/plugins/com.st.stm32cube.ide.mcu.externaltools.gnu-tools-for-stm32.13.3.rel1.win32_1.0.0.202411081344/tools/bin/../lib/gcc/arm-none-eabi/13.3.1/thumb/v6-m/nofp/crtbegin.o
 .text          0x08000108        0xe C:/ST/STM32CubeIDE_1.19.0/STM32CubeIDE/plugins/com.st.stm32cube.ide.mcu.externaltools.gnu-tools-for-stm32.13.3.rel1.win32_1.0.0.202411081344/tools/bin/../lib/gcc/arm-none-eabi/13.3.1/../../../../arm-none-eabi/lib/thumb/v6-m/nofp\libc_nano.a(libc_a-strlen.o)
                0x08000108                strlen
 *fill*         0x08000116        0x2 
 .text          0x08000118       0x14 C:/ST/STM32CubeIDE_1.19.0/STM32CubeIDE/plugins/com.st.stm32cube.ide.mcu.externaltools.gnu-tools-for-stm32.13.3.rel1.win32_1.0.0.202411081344/tools/bin/../lib/gcc/arm-none-eabi/13.3.1/thumb/v6-m/nofp\libgcc.a(_thumb1_case_uqi.o)
                0x08000118                __gnu_thumb1_case_uqi
 .text          0x0800012c       0x14 C:/ST/STM32CubeIDE_1.19.0/STM32CubeIDE/plugins/com.st.stm32cube.ide.mcu.externaltools.gnu-tools-for-stm32.13.3.rel1.win32_1.0.0.202411081344/tools/bin/../lib/gcc/arm-none-eabi/13.3.1/thumb/v6-m/nofp\libgcc.a(_thumb1_case_shi.o)
                0x0800012c                __gnu_thumb1_case_shi
 .text          0x08000140      0x114 C:/ST/STM32CubeIDE_1.19.0/STM32CubeIDE/plugins/com.st.stm32cube.ide.mcu.externaltools.gnu-tools-for-stm32.13.3.rel1.win32_1.0.0.202411081344/tools/bin/../lib/gcc/arm-none-eabi/13.3.1/thumb/v6-m/nofp\libgcc.a(_udivsi3.o)
                0x08000140                __aeabi_uidiv
                0x08000140                __udivsi3
                0x0800024c                __aeabi_uidivmod
 .text          0x08000254      0x1d4 C:/ST/STM32CubeIDE_1.19.0/STM32CubeIDE/plugins/com.st.stm32cube.ide.mcu.externaltools.gnu-tools-for-stm32.13.3.rel1.win32_1.0.0.202411081344/tools/bin/../lib/gcc/arm-none-eabi/13.3.1/thumb/v6-m/nofp\libgcc.a(_divsi3.o)
                0x08000254                __divsi3
                0x08000254                __aeabi_idiv
                0x08000420                __aeabi_idivmod
 .text          0x08000428        0x4 C:/ST/STM32CubeIDE_1.19.0/STM32CubeIDE/plugins/com.st.stm32cube.ide.mcu.externaltools.gnu-tools-for-stm32.13.3.rel1.win32_1.0.0.202411081344/tools/bin/../lib/gcc/arm-none-eabi/13.3.1/thumb/v6-m/nofp\libgcc.a(_dvmd_tls.o)
                0x08000428                __aeabi_idiv0
                0x08000428                __aeabi_ldiv0
 .text          0x0800042c       0x7c C:/ST/STM32CubeIDE_1.19.0/STM32CubeIDE/plugins/com.st.stm32cube.ide.mcu.externaltools.gnu-tools-for-stm32.13.3.rel1.win32_1.0.0.202411081344/tools/bin/../lib/gcc/arm-none-eabi/13.3.1/thumb/v6-m/nofp\libgcc.a(_arm_cmpdf2.o)
                0x0800042c                __aeabi_cdrcmple
                0x0800043c                __aeabi_cdcmple
                0x0800043c                __aeabi_cdcmpeq
                0x0800044c                __aeabi_dcmpeq
                0x08000458                __aeabi_dcmplt
                0x0800046c                __aeabi_dcmple
                0x08000480                __aeabi_dcmpgt
                0x08000494                __aeabi_dcmpge
 .text          0x080004a8       0x74 C:/ST/STM32CubeIDE_1.19.0/STM32CubeIDE/plugins/com.st.stm32cube.ide.mcu.externaltools.gnu-tools-for-stm32.13.3.rel1.win32_1.0.0.202411081344/tools/bin/../lib/gcc/arm-none-eabi/13.3.1/thumb/v6-m/nofp\libgcc.a(_arm_cmpsf2.o)
                0x080004a8                __aeabi_cfrcmple
                0x080004b0                __aeabi_cfcmpeq
                0x080004b0                __aeabi_cfcmple
                0x080004c0                __aeabi_fcmpeq
                0x080004cc                __aeabi_fcmplt
                0x080004e0                __aeabi_fcmple
                0x080004f4                __aeabi_fcmpgt
                0x08000508                __aeabi_fcmpge
 .text          0x0800051c       0x3c C:/ST/STM32CubeIDE_1.19.0/STM32CubeIDE/plugins/com.st.stm32cube.ide.mcu.externaltools.gnu-tools-for-stm32.13.3.rel1.win32_1.0.0.202411081344/tools/bin/../lib/gcc/arm-none-eabi/13.3.1/thumb/v6-m/nofp\libgcc.a(_fixunsdfsi.o)
                0x0800051c                __aeabi_d2uiz
                0x0800051c                __fixunsdfsi
 .text          0x08000558       0x38 C:/ST/STM32CubeIDE_1.19.0/STM32CubeIDE/plugins/com.st.stm32cube.ide.mcu.externaltools.gnu-tools-for-stm32.13.3.rel1.win32_1.0.0.202411081344/tools/bin/../lib/gcc/arm-none-eabi/13.3.1/thumb/v6-m/nofp\libgcc.a(_fixdfdi.o)
                0x08000558                __fixdfdi
                0x08000558                __aeabi_d2lz
 .text          0x08000590       0x3c C:/ST/STM32CubeIDE_1.19.0/STM32CubeIDE/plugins/com.st.stm32cube.ide.mcu.externaltools.gnu-tools-for-stm32.13.3.rel1.win32_1.0.0.202411081344/tools/bin/../lib/gcc/arm-none-eabi/13.3.1/thumb/v6-m/nofp\libgcc.a(_fixunsdfdi.o)
                0x08000590                __fixunsdfdi
                0x08000590                __aeabi_d2ulz
 .text          0x080005cc       0x2c C:/ST/STM32CubeIDE_1.19.0/STM32CubeIDE/plugins/com.st.stm32cube.ide.mcu.externaltools.gnu-tools-for-stm32.13.3.rel1.win32_1.0.0.202411081344/tools/bin/../lib/gcc/arm-none-eabi/13.3.1/thumb/v6-m/nofp\libgcc.a(_floatdidf.o)
                0x080005cc                __aeabi_l2d
                0x080005cc                __floatdidf
 .text          0x080005f8      0x22c C:/ST/STM32CubeIDE_1.19.0/STM32CubeIDE/plugins/com.st.stm32cube.ide.mcu.externaltools.gnu-tools-for-stm32.13.3.rel1.win32_1.0.0.202411081344/tools/bin/../lib/gcc/arm-none-eabi/13.3.1/thumb/v6-m/nofp\libgcc.a(divsf3.o)
                0x080005f8                __aeabi_fdiv
 .text          0x08000824       0x50 C:/ST/STM32CubeIDE_1.19.0/STM32CubeIDE/plugins/com.st.stm32cube.ide.mcu.externaltools.gnu-tools-for-stm32.13.3.rel1.win32_1.0.0.202411081344/tools/bin/../lib/gcc/arm-none-eabi/13.3.1/thumb/v6-m/nofp\libgcc.a(eqsf2.o)
                0x08000824                __eqsf2
                0x08000824                __nesf2
 .text          0x08000874       0x90 C:/ST/STM32CubeIDE_1.19.0/STM32CubeIDE/plugins/com.st.stm32cube.ide.mcu.externaltools.gnu-tools-for-stm32.13.3.rel1.win32_1.0.0.202411081344/tools/bin/../lib/gcc/arm-none-eabi/13.3.1/thumb/v6-m/nofp\libgcc.a(gesf2.o)
                0x08000874                __gesf2
                0x08000874                __gtsf2
 .text          0x08000904       0x90 C:/ST/STM32CubeIDE_1.19.0/STM32CubeIDE/plugins/com.st.stm32cube.ide.mcu.externaltools.gnu-tools-for-stm32.13.3.rel1.win32_1.0.0.202411081344/tools/bin/../lib/gcc/arm-none-eabi/13.3.1/thumb/v6-m/nofp\libgcc.a(lesf2.o)
                0x08000904                __ltsf2
                0x08000904                __lesf2
 .text          0x08000994      0x2b4 C:/ST/STM32CubeIDE_1.19.0/STM32CubeIDE/plugins/com.st.stm32cube.ide.mcu.externaltools.gnu-tools-for-stm32.13.3.rel1.win32_1.0.0.202411081344/tools/bin/../lib/gcc/arm-none-eabi/13.3.1/thumb/v6-m/nofp\libgcc.a(mulsf3.o)
                0x08000994                __aeabi_fmul
 .text          0x08000c48       0x8c C:/ST/STM32CubeIDE_1.19.0/STM32CubeIDE/plugins/com.st.stm32cube.ide.mcu.externaltools.gnu-tools-for-stm32.13.3.rel1.win32_1.0.0.202411081344/tools/bin/../lib/gcc/arm-none-eabi/13.3.1/thumb/v6-m/nofp\libgcc.a(floatunsisf.o)
                0x08000c48                __aeabi_ui2f
 .text          0x08000cd4      0x78c C:/ST/STM32CubeIDE_1.19.0/STM32CubeIDE/plugins/com.st.stm32cube.ide.mcu.externaltools.gnu-tools-for-stm32.13.3.rel1.win32_1.0.0.202411081344/tools/bin/../lib/gcc/arm-none-eabi/13.3.1/thumb/v6-m/nofp\libgcc.a(adddf3.o)
                0x08000cd4                __aeabi_dadd
 .text          0x08001460      0x630 C:/ST/STM32CubeIDE_1.19.0/STM32CubeIDE/plugins/com.st.stm32cube.ide.mcu.externaltools.gnu-tools-for-stm32.13.3.rel1.win32_1.0.0.202411081344/tools/bin/../lib/gcc/arm-none-eabi/13.3.1/thumb/v6-m/nofp\libgcc.a(divdf3.o)
                0x08001460                __aeabi_ddiv
 .text          0x08001a90       0x88 C:/ST/STM32CubeIDE_1.19.0/STM32CubeIDE/plugins/com.st.stm32cube.ide.mcu.externaltools.gnu-tools-for-stm32.13.3.rel1.win32_1.0.0.202411081344/tools/bin/../lib/gcc/arm-none-eabi/13.3.1/thumb/v6-m/nofp\libgcc.a(eqdf2.o)
                0x08001a90                __nedf2
                0x08001a90                __eqdf2
 .text          0x08001b18       0xe0 C:/ST/STM32CubeIDE_1.19.0/STM32CubeIDE/plugins/com.st.stm32cube.ide.mcu.externaltools.gnu-tools-for-stm32.13.3.rel1.win32_1.0.0.202411081344/tools/bin/../lib/gcc/arm-none-eabi/13.3.1/thumb/v6-m/nofp\libgcc.a(gedf2.o)
                0x08001b18                __gedf2
                0x08001b18                __gtdf2
 .text          0x08001bf8       0xdc C:/ST/STM32CubeIDE_1.19.0/STM32CubeIDE/plugins/com.st.stm32cube.ide.mcu.externaltools.gnu-tools-for-stm32.13.3.rel1.win32_1.0.0.202411081344/tools/bin/../lib/gcc/arm-none-eabi/13.3.1/thumb/v6-m/nofp\libgcc.a(ledf2.o)
                0x08001bf8                __ledf2
                0x08001bf8                __ltdf2
 .text          0x08001cd4      0x5cc C:/ST/STM32CubeIDE_1.19.0/STM32CubeIDE/plugins/com.st.stm32cube.ide.mcu.externaltools.gnu-tools-for-stm32.13.3.rel1.win32_1.0.0.202411081344/tools/bin/../lib/gcc/arm-none-eabi/13.3.1/thumb/v6-m/nofp\libgcc.a(muldf3.o)
                0x08001cd4                __aeabi_dmul
 .text          0x080022a0      0x814 C:/ST/STM32CubeIDE_1.19.0/STM32CubeIDE/plugins/com.st.stm32cube.ide.mcu.externaltools.gnu-tools-for-stm32.13.3.rel1.win32_1.0.0.202411081344/tools/bin/../lib/gcc/arm-none-eabi/13.3.1/thumb/v6-m/nofp\libgcc.a(subdf3.o)
                0x080022a0                __aeabi_dsub
 .text          0x08002ab4       0x44 C:/ST/STM32CubeIDE_1.19.0/STM32CubeIDE/plugins/com.st.stm32cube.ide.mcu.externaltools.gnu-tools-for-stm32.13.3.rel1.win32_1.0.0.202411081344/tools/bin/../lib/gcc/arm-none-eabi/13.3.1/thumb/v6-m/nofp\libgcc.a(unorddf2.o)
                0x08002ab4                __aeabi_dcmpun
 .text          0x08002af8       0x78 C:/ST/STM32CubeIDE_1.19.0/STM32CubeIDE/plugins/com.st.stm32cube.ide.mcu.externaltools.gnu-tools-for-stm32.13.3.rel1.win32_1.0.0.202411081344/tools/bin/../lib/gcc/arm-none-eabi/13.3.1/thumb/v6-m/nofp\libgcc.a(fixdfsi.o)
                0x08002af8                __aeabi_d2iz
 .text          0x08002b70       0x5c C:/ST/STM32CubeIDE_1.19.0/STM32CubeIDE/plugins/com.st.stm32cube.ide.mcu.externaltools.gnu-tools-for-stm32.13.3.rel1.win32_1.0.0.202411081344/tools/bin/../lib/gcc/arm-none-eabi/13.3.1/thumb/v6-m/nofp\libgcc.a(floatsidf.o)
                0x08002b70                __aeabi_i2d
 .text          0x08002bcc       0x48 C:/ST/STM32CubeIDE_1.19.0/STM32CubeIDE/plugins/com.st.stm32cube.ide.mcu.externaltools.gnu-tools-for-stm32.13.3.rel1.win32_1.0.0.202411081344/tools/bin/../lib/gcc/arm-none-eabi/13.3.1/thumb/v6-m/nofp\libgcc.a(floatunsidf.o)
                0x08002bcc                __aeabi_ui2d
 .text          0x08002c14       0x90 C:/ST/STM32CubeIDE_1.19.0/STM32CubeIDE/plugins/com.st.stm32cube.ide.mcu.externaltools.gnu-tools-for-stm32.13.3.rel1.win32_1.0.0.202411081344/tools/bin/../lib/gcc/arm-none-eabi/13.3.1/thumb/v6-m/nofp\libgcc.a(extendsfdf2.o)
                0x08002c14                __aeabi_f2d
 .text          0x08002ca4      0x104 C:/ST/STM32CubeIDE_1.19.0/STM32CubeIDE/plugins/com.st.stm32cube.ide.mcu.externaltools.gnu-tools-for-stm32.13.3.rel1.win32_1.0.0.202411081344/tools/bin/../lib/gcc/arm-none-eabi/13.3.1/thumb/v6-m/nofp\libgcc.a(truncdfsf2.o)
                0x08002ca4                __aeabi_d2f
 .text          0x08002da8       0x3c C:/ST/STM32CubeIDE_1.19.0/STM32CubeIDE/plugins/com.st.stm32cube.ide.mcu.externaltools.gnu-tools-for-stm32.13.3.rel1.win32_1.0.0.202411081344/tools/bin/../lib/gcc/arm-none-eabi/13.3.1/thumb/v6-m/nofp\libgcc.a(_clzsi2.o)
                0x08002da8                __clzsi2
 *(.text*)
 .text.main     0x08002de4      0x4e8 ./Core/Src/main.o
                0x08002de4                main
 .text.SystemClock_Config
                0x080032cc       0x94 ./Core/Src/main.o
                0x080032cc                SystemClock_Config
 .text.MX_TIM1_Init
                0x08003360      0x170 ./Core/Src/main.o
 .text.MX_TIM3_Init
                0x080034d0      0x160 ./Core/Src/main.o
 .text.MX_USART1_UART_Init
                0x08003630       0x9c ./Core/Src/main.o
 .text.MX_USART2_UART_Init
                0x080036cc       0x9c ./Core/Src/main.o
 .text.MX_USB_PCD_Init
                0x08003768       0x64 ./Core/Src/main.o
 .text.MX_GPIO_Init
                0x080037cc       0x5c ./Core/Src/main.o
 .text.HAL_TIM_IC_CaptureCallback
                0x08003828      0x150 ./Core/Src/main.o
                0x08003828                HAL_TIM_IC_CaptureCallback
 .text.Error_Handler
                0x08003978        0xc ./Core/Src/main.o
                0x08003978                Error_Handler
 .text.HAL_MspInit
                0x08003984       0x48 ./Core/Src/stm32c0xx_hal_msp.o
                0x08003984                HAL_MspInit
 .text.HAL_TIM_Base_MspInit
                0x080039cc      0x128 ./Core/Src/stm32c0xx_hal_msp.o
                0x080039cc                HAL_TIM_Base_MspInit
 .text.HAL_UART_MspInit
                0x08003af4      0x17c ./Core/Src/stm32c0xx_hal_msp.o
                0x08003af4                HAL_UART_MspInit
 .text.HAL_PCD_MspInit
                0x08003c70       0x7c ./Core/Src/stm32c0xx_hal_msp.o
                0x08003c70                HAL_PCD_MspInit
 .text.NMI_Handler
                0x08003cec        0x8 ./Core/Src/stm32c0xx_it.o
                0x08003cec                NMI_Handler
 .text.HardFault_Handler
                0x08003cf4        0x8 ./Core/Src/stm32c0xx_it.o
                0x08003cf4                HardFault_Handler
 .text.SVC_Handler
                0x08003cfc        0xa ./Core/Src/stm32c0xx_it.o
                0x08003cfc                SVC_Handler
 .text.PendSV_Handler
                0x08003d06        0xa ./Core/Src/stm32c0xx_it.o
                0x08003d06                PendSV_Handler
 .text.SysTick_Handler
                0x08003d10        0xe ./Core/Src/stm32c0xx_it.o
                0x08003d10                SysTick_Handler
 .text.USB_DRD_FS_IRQHandler
                0x08003d1e       0x12 ./Core/Src/stm32c0xx_it.o
                0x08003d1e                USB_DRD_FS_IRQHandler
 .text.TIM1_CC_IRQHandler
                0x08003d30       0x18 ./Core/Src/stm32c0xx_it.o
                0x08003d30                TIM1_CC_IRQHandler
 .text.TIM3_IRQHandler
                0x08003d48       0x18 ./Core/Src/stm32c0xx_it.o
                0x08003d48                TIM3_IRQHandler
 .text._getpid  0x08003d60        0xc ./Core/Src/syscalls.o
                0x08003d60                _getpid
 .text._kill    0x08003d6c       0x20 ./Core/Src/syscalls.o
                0x08003d6c                _kill
 .text._exit    0x08003d8c       0x1a ./Core/Src/syscalls.o
                0x08003d8c                _exit
 .text._read    0x08003da6       0x3a ./Core/Src/syscalls.o
                0x08003da6                _read
 .text._write   0x08003de0       0x38 ./Core/Src/syscalls.o
                0x08003de0                _write
 .text._close   0x08003e18       0x14 ./Core/Src/syscalls.o
                0x08003e18                _close
 .text._fstat   0x08003e2c       0x1c ./Core/Src/syscalls.o
                0x08003e2c                _fstat
 .text._isatty  0x08003e48       0x12 ./Core/Src/syscalls.o
                0x08003e48                _isatty
 .text._lseek   0x08003e5a       0x16 ./Core/Src/syscalls.o
                0x08003e5a                _lseek
 .text._sbrk    0x08003e70       0x6c ./Core/Src/sysmem.o
                0x08003e70                _sbrk
 .text.SystemInit
                0x08003edc       0x18 ./Core/Src/system_stm32c0xx.o
                0x08003edc                SystemInit
 .text.board_usb_get_serial
                0x08003ef4       0x44 ./Core/Src/usb_descriptors.o
                0x08003ef4                board_usb_get_serial
 .text.tud_descriptor_device_cb
                0x08003f38       0x10 ./Core/Src/usb_descriptors.o
                0x08003f38                tud_descriptor_device_cb
 .text.tud_descriptor_configuration_cb
                0x08003f48       0x1c ./Core/Src/usb_descriptors.o
                0x08003f48                tud_descriptor_configuration_cb
 .text.tud_descriptor_string_cb
                0x08003f64       0xd0 ./Core/Src/usb_descriptors.o
                0x08003f64                tud_descriptor_string_cb
 .text.Reset_Handler
                0x08004034       0x50 ./Core/Startup/startup_stm32c071kbtx.o
                0x08004034                Reset_Handler
 .text.Default_Handler
                0x08004084        0x2 ./Core/Startup/startup_stm32c071kbtx.o
                0x08004084                I2C1_IRQHandler
                0x08004084                RCC_CRS_IRQHandler
                0x08004084                SPI1_IRQHandler
                0x08004084                EXTI2_3_IRQHandler
                0x08004084                ADC1_IRQHandler
                0x08004084                I2C2_IRQHandler
                0x08004084                TIM17_IRQHandler
                0x08004084                RTC_IRQHandler
                0x08004084                PVD_VDDIO2_IRQHandler
                0x08004084                TIM16_IRQHandler
                0x08004084                EXTI4_15_IRQHandler
                0x08004084                DMA1_Channel1_IRQHandler
                0x08004084                Default_Handler
                0x08004084                TIM14_IRQHandler
                0x08004084                EXTI0_1_IRQHandler
                0x08004084                SPI2_IRQHandler
                0x08004084                WWDG_IRQHandler
                0x08004084                TIM2_IRQHandler
                0x08004084                DMA1_Channel2_3_IRQHandler
                0x08004084                DMAMUX1_DMA1_CH4_5_IRQHandler
                0x08004084                USART2_IRQHandler
                0x08004084                FLASH_IRQHandler
                0x08004084                USART1_IRQHandler
                0x08004084                TIM1_BRK_UP_TRG_COM_IRQHandler
 .text.HAL_Init
                0x08004086       0x2e ./Drivers/STM32C0xx_HAL_Driver/Src/stm32c0xx_hal.o
                0x08004086                HAL_Init
 .text.HAL_InitTick
                0x080040b4       0x94 ./Drivers/STM32C0xx_HAL_Driver/Src/stm32c0xx_hal.o
                0x080040b4                HAL_InitTick
 .text.HAL_IncTick
                0x08004148       0x24 ./Drivers/STM32C0xx_HAL_Driver/Src/stm32c0xx_hal.o
                0x08004148                HAL_IncTick
 .text.HAL_GetTick
                0x0800416c       0x14 ./Drivers/STM32C0xx_HAL_Driver/Src/stm32c0xx_hal.o
                0x0800416c                HAL_GetTick
 .text.__NVIC_EnableIRQ
                0x08004180       0x34 ./Drivers/STM32C0xx_HAL_Driver/Src/stm32c0xx_hal_cortex.o
 .text.__NVIC_SetPriority
                0x080041b4       0xdc ./Drivers/STM32C0xx_HAL_Driver/Src/stm32c0xx_hal_cortex.o
 .text.SysTick_Config
                0x08004290       0x48 ./Drivers/STM32C0xx_HAL_Driver/Src/stm32c0xx_hal_cortex.o
 .text.HAL_NVIC_SetPriority
                0x080042d8       0x2a ./Drivers/STM32C0xx_HAL_Driver/Src/stm32c0xx_hal_cortex.o
                0x080042d8                HAL_NVIC_SetPriority
 .text.HAL_NVIC_EnableIRQ
                0x08004302       0x20 ./Drivers/STM32C0xx_HAL_Driver/Src/stm32c0xx_hal_cortex.o
                0x08004302                HAL_NVIC_EnableIRQ
 .text.HAL_SYSTICK_Config
                0x08004322       0x1a ./Drivers/STM32C0xx_HAL_Driver/Src/stm32c0xx_hal_cortex.o
                0x08004322                HAL_SYSTICK_Config
 .text.HAL_GPIO_Init
                0x0800433c      0x2e4 ./Drivers/STM32C0xx_HAL_Driver/Src/stm32c0xx_hal_gpio.o
                0x0800433c                HAL_GPIO_Init
 .text.HAL_PCD_Init
                0x08004620      0x1f4 ./Drivers/STM32C0xx_HAL_Driver/Src/stm32c0xx_hal_pcd.o
                0x08004620                HAL_PCD_Init
 .text.HAL_PCDEx_ActivateLPM
                0x08004814       0x44 ./Drivers/STM32C0xx_HAL_Driver/Src/stm32c0xx_hal_pcd_ex.o
                0x08004814                HAL_PCDEx_ActivateLPM
 .text.HAL_RCC_OscConfig
                0x08004858      0x44c ./Drivers/STM32C0xx_HAL_Driver/Src/stm32c0xx_hal_rcc.o
                0x08004858                HAL_RCC_OscConfig
 .text.HAL_RCC_ClockConfig
                0x08004ca4      0x230 ./Drivers/STM32C0xx_HAL_Driver/Src/stm32c0xx_hal_rcc.o
                0x08004ca4                HAL_RCC_ClockConfig
 .text.HAL_RCC_GetSysClockFreq
                0x08004ed4       0xb0 ./Drivers/STM32C0xx_HAL_Driver/Src/stm32c0xx_hal_rcc.o
                0x08004ed4                HAL_RCC_GetSysClockFreq
 .text.HAL_RCC_GetHCLKFreq
                0x08004f84       0x3c ./Drivers/STM32C0xx_HAL_Driver/Src/stm32c0xx_hal_rcc.o
                0x08004f84                HAL_RCC_GetHCLKFreq
 .text.HAL_RCC_GetPCLK1Freq
                0x08004fc0       0x30 ./Drivers/STM32C0xx_HAL_Driver/Src/stm32c0xx_hal_rcc.o
                0x08004fc0                HAL_RCC_GetPCLK1Freq
 .text.HAL_RCCEx_PeriphCLKConfig
                0x08004ff0      0x1f8 ./Drivers/STM32C0xx_HAL_Driver/Src/stm32c0xx_hal_rcc_ex.o
                0x08004ff0                HAL_RCCEx_PeriphCLKConfig
 .text.HAL_TIM_Base_Init
                0x080051e8       0xb0 ./Drivers/STM32C0xx_HAL_Driver/Src/stm32c0xx_hal_tim.o
                0x080051e8                HAL_TIM_Base_Init
 .text.HAL_TIM_IC_Init
                0x08005298       0xb0 ./Drivers/STM32C0xx_HAL_Driver/Src/stm32c0xx_hal_tim.o
                0x08005298                HAL_TIM_IC_Init
 .text.HAL_TIM_IC_MspInit
                0x08005348       0x10 ./Drivers/STM32C0xx_HAL_Driver/Src/stm32c0xx_hal_tim.o
                0x08005348                HAL_TIM_IC_MspInit
 .text.HAL_TIM_IC_Start_IT
                0x08005358      0x260 ./Drivers/STM32C0xx_HAL_Driver/Src/stm32c0xx_hal_tim.o
                0x08005358                HAL_TIM_IC_Start_IT
 .text.HAL_TIM_IRQHandler
                0x080055b8      0x210 ./Drivers/STM32C0xx_HAL_Driver/Src/stm32c0xx_hal_tim.o
                0x080055b8                HAL_TIM_IRQHandler
 .text.HAL_TIM_IC_ConfigChannel
                0x080057c8      0x148 ./Drivers/STM32C0xx_HAL_Driver/Src/stm32c0xx_hal_tim.o
                0x080057c8                HAL_TIM_IC_ConfigChannel
 .text.HAL_TIM_ConfigClockSource
                0x08005910      0x1ac ./Drivers/STM32C0xx_HAL_Driver/Src/stm32c0xx_hal_tim.o
                0x08005910                HAL_TIM_ConfigClockSource
 .text.HAL_TIM_SlaveConfigSynchro
                0x08005abc       0x8c ./Drivers/STM32C0xx_HAL_Driver/Src/stm32c0xx_hal_tim.o
                0x08005abc                HAL_TIM_SlaveConfigSynchro
 .text.HAL_TIM_ReadCapturedValue
                0x08005b48       0x68 ./Drivers/STM32C0xx_HAL_Driver/Src/stm32c0xx_hal_tim.o
                0x08005b48                HAL_TIM_ReadCapturedValue
 .text.HAL_TIM_PeriodElapsedCallback
                0x08005bb0       0x10 ./Drivers/STM32C0xx_HAL_Driver/Src/stm32c0xx_hal_tim.o
                0x08005bb0                HAL_TIM_PeriodElapsedCallback
 .text.HAL_TIM_OC_DelayElapsedCallback
                0x08005bc0       0x10 ./Drivers/STM32C0xx_HAL_Driver/Src/stm32c0xx_hal_tim.o
                0x08005bc0                HAL_TIM_OC_DelayElapsedCallback
 .text.HAL_TIM_PWM_PulseFinishedCallback
                0x08005bd0       0x10 ./Drivers/STM32C0xx_HAL_Driver/Src/stm32c0xx_hal_tim.o
                0x08005bd0                HAL_TIM_PWM_PulseFinishedCallback
 .text.HAL_TIM_TriggerCallback
                0x08005be0       0x10 ./Drivers/STM32C0xx_HAL_Driver/Src/stm32c0xx_hal_tim.o
                0x08005be0                HAL_TIM_TriggerCallback
 .text.TIM_Base_SetConfig
                0x08005bf0       0xf8 ./Drivers/STM32C0xx_HAL_Driver/Src/stm32c0xx_hal_tim.o
                0x08005bf0                TIM_Base_SetConfig
 .text.TIM_SlaveTimer_SetConfig
                0x08005ce8      0x12c ./Drivers/STM32C0xx_HAL_Driver/Src/stm32c0xx_hal_tim.o
 .text.TIM_TI1_SetConfig
                0x08005e14       0xac ./Drivers/STM32C0xx_HAL_Driver/Src/stm32c0xx_hal_tim.o
                0x08005e14                TIM_TI1_SetConfig
 .text.TIM_TI1_ConfigInputStage
                0x08005ec0       0x5c ./Drivers/STM32C0xx_HAL_Driver/Src/stm32c0xx_hal_tim.o
 .text.TIM_TI2_SetConfig
                0x08005f1c       0x84 ./Drivers/STM32C0xx_HAL_Driver/Src/stm32c0xx_hal_tim.o
 .text.TIM_TI2_ConfigInputStage
                0x08005fa0       0x64 ./Drivers/STM32C0xx_HAL_Driver/Src/stm32c0xx_hal_tim.o
 .text.TIM_TI3_SetConfig
                0x08006004       0x80 ./Drivers/STM32C0xx_HAL_Driver/Src/stm32c0xx_hal_tim.o
 .text.TIM_TI4_SetConfig
                0x08006084       0x8c ./Drivers/STM32C0xx_HAL_Driver/Src/stm32c0xx_hal_tim.o
 .text.TIM_ITRx_SetConfig
                0x08006110       0x38 ./Drivers/STM32C0xx_HAL_Driver/Src/stm32c0xx_hal_tim.o
 .text.TIM_ETR_SetConfig
                0x08006148       0x40 ./Drivers/STM32C0xx_HAL_Driver/Src/stm32c0xx_hal_tim.o
                0x08006148                TIM_ETR_SetConfig
 .text.TIM_CCxChannelCmd
                0x08006188       0x46 ./Drivers/STM32C0xx_HAL_Driver/Src/stm32c0xx_hal_tim.o
                0x08006188                TIM_CCxChannelCmd
 *fill*         0x080061ce        0x2 
 .text.HAL_TIMEx_MasterConfigSynchronization
                0x080061d0       0xd0 ./Drivers/STM32C0xx_HAL_Driver/Src/stm32c0xx_hal_tim_ex.o
                0x080061d0                HAL_TIMEx_MasterConfigSynchronization
 .text.HAL_TIMEx_CommutCallback
                0x080062a0       0x10 ./Drivers/STM32C0xx_HAL_Driver/Src/stm32c0xx_hal_tim_ex.o
                0x080062a0                HAL_TIMEx_CommutCallback
 .text.HAL_TIMEx_BreakCallback
                0x080062b0       0x10 ./Drivers/STM32C0xx_HAL_Driver/Src/stm32c0xx_hal_tim_ex.o
                0x080062b0                HAL_TIMEx_BreakCallback
 .text.HAL_TIMEx_Break2Callback
                0x080062c0       0x10 ./Drivers/STM32C0xx_HAL_Driver/Src/stm32c0xx_hal_tim_ex.o
                0x080062c0                HAL_TIMEx_Break2Callback
 .text.HAL_UART_Init
                0x080062d0       0xac ./Drivers/STM32C0xx_HAL_Driver/Src/stm32c0xx_hal_uart.o
                0x080062d0                HAL_UART_Init
 .text.HAL_HalfDuplex_Init
                0x0800637c       0xbc ./Drivers/STM32C0xx_HAL_Driver/Src/stm32c0xx_hal_uart.o
                0x0800637c                HAL_HalfDuplex_Init
 .text.HAL_UART_Transmit
                0x08006438      0x148 ./Drivers/STM32C0xx_HAL_Driver/Src/stm32c0xx_hal_uart.o
                0x08006438                HAL_UART_Transmit
 .text.UART_SetConfig
                0x08006580      0x2fc ./Drivers/STM32C0xx_HAL_Driver/Src/stm32c0xx_hal_uart.o
                0x08006580                UART_SetConfig
 .text.UART_AdvFeatureConfig
                0x0800687c      0x168 ./Drivers/STM32C0xx_HAL_Driver/Src/stm32c0xx_hal_uart.o
                0x0800687c                UART_AdvFeatureConfig
 .text.UART_CheckIdleState
                0x080069e4      0x154 ./Drivers/STM32C0xx_HAL_Driver/Src/stm32c0xx_hal_uart.o
                0x080069e4                UART_CheckIdleState
 .text.UART_WaitOnFlagUntilTimeout
                0x08006b38       0xde ./Drivers/STM32C0xx_HAL_Driver/Src/stm32c0xx_hal_uart.o
                0x08006b38                UART_WaitOnFlagUntilTimeout
 *fill*         0x08006c16        0x2 
 .text.UART_EndRxTransfer
                0x08006c18       0xcc ./Drivers/STM32C0xx_HAL_Driver/Src/stm32c0xx_hal_uart.o
 .text.HAL_UARTEx_DisableFifoMode
                0x08006ce4       0x74 ./Drivers/STM32C0xx_HAL_Driver/Src/stm32c0xx_hal_uart_ex.o
                0x08006ce4                HAL_UARTEx_DisableFifoMode
 .text.HAL_UARTEx_SetTxFifoThreshold
                0x08006d58       0x7e ./Drivers/STM32C0xx_HAL_Driver/Src/stm32c0xx_hal_uart_ex.o
                0x08006d58                HAL_UARTEx_SetTxFifoThreshold
 *fill*         0x08006dd6        0x2 
 .text.HAL_UARTEx_SetRxFifoThreshold
                0x08006dd8       0x84 ./Drivers/STM32C0xx_HAL_Driver/Src/stm32c0xx_hal_uart_ex.o
                0x08006dd8                HAL_UARTEx_SetRxFifoThreshold
 .text.UARTEx_SetNbDataToProcess
                0x08006e5c       0xbc ./Drivers/STM32C0xx_HAL_Driver/Src/stm32c0xx_hal_uart_ex.o
 .text.USB_DisableGlobalInt
                0x08006f18       0x28 ./Drivers/STM32C0xx_HAL_Driver/Src/stm32c0xx_ll_usb.o
                0x08006f18                USB_DisableGlobalInt
 .text.USB_SetCurrentMode
                0x08006f40       0x4a ./Drivers/STM32C0xx_HAL_Driver/Src/stm32c0xx_ll_usb.o
                0x08006f40                USB_SetCurrentMode
 .text.USB_DevInit
                0x08006f8a       0x56 ./Drivers/STM32C0xx_HAL_Driver/Src/stm32c0xx_ll_usb.o
                0x08006f8a                USB_DevInit
 .text.tud_cdc_rx_cb
                0x08006fe0       0x14 ./tinyusb-src/class/cdc/cdc_device.o
                0x08006fe0                tud_cdc_rx_cb
 .text.tud_cdc_rx_wanted_cb
                0x08006ff4       0x1a ./tinyusb-src/class/cdc/cdc_device.o
                0x08006ff4                tud_cdc_rx_wanted_cb
 .text.tud_cdc_tx_complete_cb
                0x0800700e       0x14 ./tinyusb-src/class/cdc/cdc_device.o
                0x0800700e                tud_cdc_tx_complete_cb
 .text.tud_cdc_notify_complete_cb
                0x08007022       0x14 ./tinyusb-src/class/cdc/cdc_device.o
                0x08007022                tud_cdc_notify_complete_cb
 .text.tud_cdc_line_state_cb
                0x08007036       0x26 ./tinyusb-src/class/cdc/cdc_device.o
                0x08007036                tud_cdc_line_state_cb
 .text.tud_cdc_line_coding_cb
                0x0800705c       0x16 ./tinyusb-src/class/cdc/cdc_device.o
                0x0800705c                tud_cdc_line_coding_cb
 .text.tud_cdc_send_break_cb
                0x08007072       0x1a ./tinyusb-src/class/cdc/cdc_device.o
                0x08007072                tud_cdc_send_break_cb
 .text.tud_cdc_n_connected
                0x0800708c       0xa0 ./tinyusb-src/class/cdc/cdc_device.o
                0x0800708c                tud_cdc_n_connected
 .text.tud_cdc_n_write
                0x0800712c       0x50 ./tinyusb-src/class/cdc/cdc_device.o
                0x0800712c                tud_cdc_n_write
 .text.tud_cdc_n_write_flush
                0x0800717c       0x44 ./tinyusb-src/class/cdc/cdc_device.o
                0x0800717c                tud_cdc_n_write_flush
 .text.cdcd_init
                0x080071c0       0xd8 ./tinyusb-src/class/cdc/cdc_device.o
                0x080071c0                cdcd_init
 .text.cdcd_deinit
                0x08007298       0x50 ./tinyusb-src/class/cdc/cdc_device.o
                0x08007298                cdcd_deinit
 .text.cdcd_reset
                0x080072e8       0x8c ./tinyusb-src/class/cdc/cdc_device.o
                0x080072e8                cdcd_reset
 .text.cdcd_open
                0x08007374      0x474 ./tinyusb-src/class/cdc/cdc_device.o
                0x08007374                cdcd_open
 .text.cdcd_control_xfer_cb
                0x080077e8      0x244 ./tinyusb-src/class/cdc/cdc_device.o
                0x080077e8                cdcd_control_xfer_cb
 .text.cdcd_xfer_cb
                0x08007a2c      0x204 ./tinyusb-src/class/cdc/cdc_device.o
                0x08007a2c                cdcd_xfer_cb
 .text.tu_fifo_config
                0x08007c30       0x80 ./tinyusb-src/common/tusb_fifo.o
                0x08007c30                tu_fifo_config
 .text._ff_push
                0x08007cb0       0x40 ./tinyusb-src/common/tusb_fifo.o
 .text._ff_push_n
                0x08007cf0       0xea ./tinyusb-src/common/tusb_fifo.o
 .text._ff_pull
                0x08007dda       0x40 ./tinyusb-src/common/tusb_fifo.o
 .text._ff_pull_n
                0x08007e1a       0xea ./tinyusb-src/common/tusb_fifo.o
 .text.advance_index
                0x08007f04       0x76 ./tinyusb-src/common/tusb_fifo.o
 .text._tu_fifo_peek
                0x08007f7a      0x136 ./tinyusb-src/common/tusb_fifo.o
 .text._tu_fifo_peek_n
                0x080080b0      0x16a ./tinyusb-src/common/tusb_fifo.o
 .text._tu_fifo_write_n
                0x0800821a      0x288 ./tinyusb-src/common/tusb_fifo.o
 .text._tu_fifo_read_n
                0x080084a2       0x68 ./tinyusb-src/common/tusb_fifo.o
 .text.tu_fifo_count
                0x0800850a       0x94 ./tinyusb-src/common/tusb_fifo.o
                0x0800850a                tu_fifo_count
 .text.tu_fifo_full
                0x0800859e       0x7c ./tinyusb-src/common/tusb_fifo.o
                0x0800859e                tu_fifo_full
 .text.tu_fifo_remaining
                0x0800861a       0xac ./tinyusb-src/common/tusb_fifo.o
                0x0800861a                tu_fifo_remaining
 .text.tu_fifo_read
                0x080086c6       0x52 ./tinyusb-src/common/tusb_fifo.o
                0x080086c6                tu_fifo_read
 .text.tu_fifo_read_n
                0x08008718       0x26 ./tinyusb-src/common/tusb_fifo.o
                0x08008718                tu_fifo_read_n
 .text.tu_fifo_write
                0x0800873e       0xc0 ./tinyusb-src/common/tusb_fifo.o
                0x0800873e                tu_fifo_write
 .text.tu_fifo_write_n
                0x080087fe       0x26 ./tinyusb-src/common/tusb_fifo.o
                0x080087fe                tu_fifo_write_n
 .text.tu_fifo_clear
                0x08008824       0x1e ./tinyusb-src/common/tusb_fifo.o
                0x08008824                tu_fifo_clear
 .text.tu_fifo_set_overwritable
                0x08008842       0x44 ./tinyusb-src/common/tusb_fifo.o
                0x08008842                tu_fifo_set_overwritable
 .text.tu_fifo_advance_write_pointer
                0x08008886       0x32 ./tinyusb-src/common/tusb_fifo.o
                0x08008886                tu_fifo_advance_write_pointer
 .text.tu_fifo_advance_read_pointer
                0x080088b8       0x32 ./tinyusb-src/common/tusb_fifo.o
                0x080088b8                tu_fifo_advance_read_pointer
 .text.tu_fifo_get_read_info
                0x080088ea      0x1f6 ./tinyusb-src/common/tusb_fifo.o
                0x080088ea                tu_fifo_get_read_info
 .text.tu_fifo_get_write_info
                0x08008ae0      0x1d2 ./tinyusb-src/common/tusb_fifo.o
                0x08008ae0                tu_fifo_get_write_info
 .text.tud_event_hook_cb
                0x08008cb2       0x1e ./tinyusb-src/device/usbd.o
                0x08008cb2                tud_event_hook_cb
 .text.tud_sof_cb
                0x08008cd0       0x10 ./tinyusb-src/device/usbd.o
                0x08008cd0                tud_sof_cb
 .text.tud_descriptor_bos_cb
                0x08008ce0        0xc ./tinyusb-src/device/usbd.o
                0x08008ce0                tud_descriptor_bos_cb
 .text.tud_descriptor_device_qualifier_cb
                0x08008cec        0xc ./tinyusb-src/device/usbd.o
                0x08008cec                tud_descriptor_device_qualifier_cb
 .text.tud_descriptor_other_speed_configuration_cb
                0x08008cf8       0x16 ./tinyusb-src/device/usbd.o
                0x08008cf8                tud_descriptor_other_speed_configuration_cb
 .text.tud_mount_cb
                0x08008d0e        0xa ./tinyusb-src/device/usbd.o
                0x08008d0e                tud_mount_cb
 .text.tud_umount_cb
                0x08008d18        0xa ./tinyusb-src/device/usbd.o
                0x08008d18                tud_umount_cb
 .text.tud_suspend_cb
                0x08008d22       0x14 ./tinyusb-src/device/usbd.o
                0x08008d22                tud_suspend_cb
 .text.tud_resume_cb
                0x08008d36        0xa ./tinyusb-src/device/usbd.o
                0x08008d36                tud_resume_cb
 .text.tud_vendor_control_xfer_cb
                0x08008d40       0x1e ./tinyusb-src/device/usbd.o
                0x08008d40                tud_vendor_control_xfer_cb
 .text.usbd_app_driver_get_cb
                0x08008d5e       0x18 ./tinyusb-src/device/usbd.o
                0x08008d5e                usbd_app_driver_get_cb
 *fill*         0x08008d76        0x2 
 .text.tud_mounted
                0x08008d78       0x1c ./tinyusb-src/device/usbd.o
                0x08008d78                tud_mounted
 .text.tud_suspended
                0x08008d94       0x20 ./tinyusb-src/device/usbd.o
                0x08008d94                tud_suspended
 .text.tud_inited
                0x08008db4       0x1c ./tinyusb-src/device/usbd.o
                0x08008db4                tud_inited
 .text.tud_rhport_init
                0x08008dd0      0x178 ./tinyusb-src/device/usbd.o
                0x08008dd0                tud_rhport_init
 .text.configuration_reset
                0x08008f48       0xec ./tinyusb-src/device/usbd.o
 .text.usbd_reset
                0x08009034       0x22 ./tinyusb-src/device/usbd.o
 *fill*         0x08009056        0x2 
 .text.tud_task_ext
                0x08009058      0x340 ./tinyusb-src/device/usbd.o
                0x08009058                tud_task_ext
 .text.invoke_class_control
                0x08009398       0x36 ./tinyusb-src/device/usbd.o
 *fill*         0x080093ce        0x2 
 .text.process_control_request
                0x080093d0      0x614 ./tinyusb-src/device/usbd.o
 .text.process_set_config
                0x080099e4      0x294 ./tinyusb-src/device/usbd.o
 .text.process_get_descriptor
                0x08009c78      0x1bc ./tinyusb-src/device/usbd.o
 .text.dcd_event_handler
                0x08009e34      0x570 ./tinyusb-src/device/usbd.o
                0x08009e34                dcd_event_handler
 .text.usbd_int_set
                0x0800a3a4       0x38 ./tinyusb-src/device/usbd.o
                0x0800a3a4                usbd_int_set
 .text.usbd_edpt_open
                0x0800a3dc       0x74 ./tinyusb-src/device/usbd.o
                0x0800a3dc                usbd_edpt_open
 .text.usbd_edpt_claim
                0x0800a450       0x74 ./tinyusb-src/device/usbd.o
                0x0800a450                usbd_edpt_claim
 .text.usbd_edpt_release
                0x0800a4c4       0x74 ./tinyusb-src/device/usbd.o
                0x0800a4c4                usbd_edpt_release
 .text.usbd_edpt_xfer
                0x0800a538      0x108 ./tinyusb-src/device/usbd.o
                0x0800a538                usbd_edpt_xfer
 .text.usbd_edpt_stall
                0x0800a640       0xa4 ./tinyusb-src/device/usbd.o
                0x0800a640                usbd_edpt_stall
 .text.usbd_edpt_clear_stall
                0x0800a6e4       0xa4 ./tinyusb-src/device/usbd.o
                0x0800a6e4                usbd_edpt_clear_stall
 .text.usbd_edpt_stalled
                0x0800a788       0x74 ./tinyusb-src/device/usbd.o
                0x0800a788                usbd_edpt_stalled
 .text.status_stage_xact
                0x0800a7fc       0x42 ./tinyusb-src/device/usbd_control.o
 *fill*         0x0800a83e        0x2 
 .text.tud_control_status
                0x0800a840       0x4c ./tinyusb-src/device/usbd_control.o
                0x0800a840                tud_control_status
 .text.data_stage_xact
                0x0800a88c       0xf8 ./tinyusb-src/device/usbd_control.o
 .text.tud_control_xfer
                0x0800a984       0xe0 ./tinyusb-src/device/usbd_control.o
                0x0800a984                tud_control_xfer
 .text.usbd_control_reset
                0x0800aa64       0x1c ./tinyusb-src/device/usbd_control.o
                0x0800aa64                usbd_control_reset
 .text.usbd_control_set_complete_callback
                0x0800aa80       0x1c ./tinyusb-src/device/usbd_control.o
                0x0800aa80                usbd_control_set_complete_callback
 .text.usbd_control_set_request
                0x0800aa9c       0x38 ./tinyusb-src/device/usbd_control.o
                0x0800aa9c                usbd_control_set_request
 .text.usbd_control_xfer_cb
                0x0800aad4      0x164 ./tinyusb-src/device/usbd_control.o
                0x0800aad4                usbd_control_xfer_cb
 .text.__NVIC_EnableIRQ
                0x0800ac38       0x34 ./tinyusb-src/portable/st/stm32_fsdev/dcd_stm32_fsdev.o
 .text.__NVIC_DisableIRQ
                0x0800ac6c       0x44 ./tinyusb-src/portable/st/stm32_fsdev/dcd_stm32_fsdev.o
 .text.dcd_int_enable
                0x0800acb0       0x4a ./tinyusb-src/portable/st/stm32_fsdev/dcd_stm32_fsdev.o
                0x0800acb0                dcd_int_enable
 .text.dcd_int_disable
                0x0800acfa       0x3e ./tinyusb-src/portable/st/stm32_fsdev/dcd_stm32_fsdev.o
                0x0800acfa                dcd_int_disable
 .text.dcd_connect
                0x0800ad38       0x28 ./tinyusb-src/portable/st/stm32_fsdev/dcd_stm32_fsdev.o
                0x0800ad38                dcd_connect
 .text.dcd_init
                0x0800ad60       0xe4 ./tinyusb-src/portable/st/stm32_fsdev/dcd_stm32_fsdev.o
                0x0800ad60                dcd_init
 .text.dcd_sof_enable
                0x0800ae44       0x48 ./tinyusb-src/portable/st/stm32_fsdev/dcd_stm32_fsdev.o
                0x0800ae44                dcd_sof_enable
 .text.dcd_set_address
                0x0800ae8c       0x28 ./tinyusb-src/portable/st/stm32_fsdev/dcd_stm32_fsdev.o
                0x0800ae8c                dcd_set_address
 .text.handle_bus_reset
                0x0800aeb4       0x84 ./tinyusb-src/portable/st/stm32_fsdev/dcd_stm32_fsdev.o
 .text.handle_ctr_tx
                0x0800af38      0x18c ./tinyusb-src/portable/st/stm32_fsdev/dcd_stm32_fsdev.o
 .text.handle_ctr_setup
                0x0800b0c4      0x274 ./tinyusb-src/portable/st/stm32_fsdev/dcd_stm32_fsdev.o
 .text.handle_ctr_rx
                0x0800b338      0x550 ./tinyusb-src/portable/st/stm32_fsdev/dcd_stm32_fsdev.o
 .text.dcd_int_handler
                0x0800b888      0x3a8 ./tinyusb-src/portable/st/stm32_fsdev/dcd_stm32_fsdev.o
                0x0800b888                dcd_int_handler
 .text.dcd_edpt0_status_complete
                0x0800bc30      0x174 ./tinyusb-src/portable/st/stm32_fsdev/dcd_stm32_fsdev.o
                0x0800bc30                dcd_edpt0_status_complete
 .text.dcd_pma_alloc
                0x0800bda4      0x108 ./tinyusb-src/portable/st/stm32_fsdev/dcd_stm32_fsdev.o
 .text.dcd_ep_alloc
                0x0800beac      0x1b8 ./tinyusb-src/portable/st/stm32_fsdev/dcd_stm32_fsdev.o
 .text.edpt0_open
                0x0800c064      0x2e4 ./tinyusb-src/portable/st/stm32_fsdev/dcd_stm32_fsdev.o
 .text.dcd_edpt_open
                0x0800c348      0x2a4 ./tinyusb-src/portable/st/stm32_fsdev/dcd_stm32_fsdev.o
                0x0800c348                dcd_edpt_open
 .text.dcd_edpt_close_all
                0x0800c5ec       0xbc ./tinyusb-src/portable/st/stm32_fsdev/dcd_stm32_fsdev.o
                0x0800c5ec                dcd_edpt_close_all
 .text.dcd_transmit_packet
                0x0800c6a8      0x220 ./tinyusb-src/portable/st/stm32_fsdev/dcd_stm32_fsdev.o
 .text.edpt_xfer
                0x0800c8c8      0x52c ./tinyusb-src/portable/st/stm32_fsdev/dcd_stm32_fsdev.o
 .text.dcd_edpt_xfer
                0x0800cdf4       0xb4 ./tinyusb-src/portable/st/stm32_fsdev/dcd_stm32_fsdev.o
                0x0800cdf4                dcd_edpt_xfer
 .text.dcd_edpt_stall
                0x0800cea8      0x134 ./tinyusb-src/portable/st/stm32_fsdev/dcd_stm32_fsdev.o
                0x0800cea8                dcd_edpt_stall
 .text.dcd_edpt_clear_stall
                0x0800cfdc      0x1ac ./tinyusb-src/portable/st/stm32_fsdev/dcd_stm32_fsdev.o
                0x0800cfdc                dcd_edpt_clear_stall
 .text.dcd_write_packet_memory
                0x0800d188       0xe8 ./tinyusb-src/portable/st/stm32_fsdev/dcd_stm32_fsdev.o
 .text.dcd_read_packet_memory
                0x0800d270      0x108 ./tinyusb-src/portable/st/stm32_fsdev/dcd_stm32_fsdev.o
 .text.dcd_write_packet_memory_ff
                0x0800d378      0x1ea ./tinyusb-src/portable/st/stm32_fsdev/dcd_stm32_fsdev.o
 .text.dcd_read_packet_memory_ff
                0x0800d562      0x1d2 ./tinyusb-src/portable/st/stm32_fsdev/dcd_stm32_fsdev.o
 .text.tusb_rhport_init
                0x0800d734       0xa0 ./tinyusb-src/tusb.o
                0x0800d734                tusb_rhport_init
 .text.tusb_int_handler
                0x0800d7d4       0x3c ./tinyusb-src/tusb.o
                0x0800d7d4                tusb_int_handler
 .text.tu_edpt_claim
                0x0800d810       0x7e ./tinyusb-src/tusb.o
                0x0800d810                tu_edpt_claim
 .text.tu_edpt_release
                0x0800d88e       0x5a ./tinyusb-src/tusb.o
                0x0800d88e                tu_edpt_release
 .text.tu_edpt_validate
                0x0800d8e8      0x134 ./tinyusb-src/tusb.o
                0x0800d8e8                tu_edpt_validate
 .text.tu_edpt_bind_driver
                0x0800da1c       0x98 ./tinyusb-src/tusb.o
                0x0800da1c                tu_edpt_bind_driver
 .text.tu_edpt_stream_init
                0x0800dab4       0x6e ./tinyusb-src/tusb.o
                0x0800dab4                tu_edpt_stream_init
 .text.tu_edpt_stream_deinit
                0x0800db22       0x12 ./tinyusb-src/tusb.o
                0x0800db22                tu_edpt_stream_deinit
 .text.tu_edpt_stream_write_zlp_if_needed
                0x0800db34      0x116 ./tinyusb-src/tusb.o
                0x0800db34                tu_edpt_stream_write_zlp_if_needed
 .text.tu_edpt_stream_write_xfer
                0x0800dc4a      0x128 ./tinyusb-src/tusb.o
                0x0800dc4a                tu_edpt_stream_write_xfer
 .text.tu_edpt_stream_write
                0x0800dd72      0x176 ./tinyusb-src/tusb.o
                0x0800dd72                tu_edpt_stream_write
 .text.tu_edpt_stream_read_xfer
                0x0800dee8      0x250 ./tinyusb-src/tusb.o
                0x0800dee8                tu_edpt_stream_read_xfer
 .text.__cvt    0x0800e138       0xcc C:/ST/STM32CubeIDE_1.19.0/STM32CubeIDE/plugins/com.st.stm32cube.ide.mcu.externaltools.gnu-tools-for-stm32.13.3.rel1.win32_1.0.0.202411081344/tools/bin/../lib/gcc/arm-none-eabi/13.3.1/../../../../arm-none-eabi/lib/thumb/v6-m/nofp\libc_nano.a(libc_a-nano-vfprintf_float.o)
                0x0800e138                __cvt
 .text.__exponent
                0x0800e204       0x7e C:/ST/STM32CubeIDE_1.19.0/STM32CubeIDE/plugins/com.st.stm32cube.ide.mcu.externaltools.gnu-tools-for-stm32.13.3.rel1.win32_1.0.0.202411081344/tools/bin/../lib/gcc/arm-none-eabi/13.3.1/../../../../arm-none-eabi/lib/thumb/v6-m/nofp\libc_nano.a(libc_a-nano-vfprintf_float.o)
                0x0800e204                __exponent
 *fill*         0x0800e282        0x2 
 .text._printf_float
                0x0800e284      0x47c C:/ST/STM32CubeIDE_1.19.0/STM32CubeIDE/plugins/com.st.stm32cube.ide.mcu.externaltools.gnu-tools-for-stm32.13.3.rel1.win32_1.0.0.202411081344/tools/bin/../lib/gcc/arm-none-eabi/13.3.1/../../../../arm-none-eabi/lib/thumb/v6-m/nofp\libc_nano.a(libc_a-nano-vfprintf_float.o)
                0x0800e284                _printf_float
 .text._printf_common
                0x0800e700       0xde C:/ST/STM32CubeIDE_1.19.0/STM32CubeIDE/plugins/com.st.stm32cube.ide.mcu.externaltools.gnu-tools-for-stm32.13.3.rel1.win32_1.0.0.202411081344/tools/bin/../lib/gcc/arm-none-eabi/13.3.1/../../../../arm-none-eabi/lib/thumb/v6-m/nofp\libc_nano.a(libc_a-nano-vfprintf_i.o)
                0x0800e700                _printf_common
 *fill*         0x0800e7de        0x2 
 .text._printf_i
                0x0800e7e0      0x218 C:/ST/STM32CubeIDE_1.19.0/STM32CubeIDE/plugins/com.st.stm32cube.ide.mcu.externaltools.gnu-tools-for-stm32.13.3.rel1.win32_1.0.0.202411081344/tools/bin/../lib/gcc/arm-none-eabi/13.3.1/../../../../arm-none-eabi/lib/thumb/v6-m/nofp\libc_nano.a(libc_a-nano-vfprintf_i.o)
                0x0800e7e0                _printf_i
 .text._scanf_float
                0x0800e9f8      0x418 C:/ST/STM32CubeIDE_1.19.0/STM32CubeIDE/plugins/com.st.stm32cube.ide.mcu.externaltools.gnu-tools-for-stm32.13.3.rel1.win32_1.0.0.202411081344/tools/bin/../lib/gcc/arm-none-eabi/13.3.1/../../../../arm-none-eabi/lib/thumb/v6-m/nofp\libc_nano.a(libc_a-nano-vfscanf_float.o)
                0x0800e9f8                _scanf_float
 .text.std      0x0800ee10       0x6c C:/ST/STM32CubeIDE_1.19.0/STM32CubeIDE/plugins/com.st.stm32cube.ide.mcu.externaltools.gnu-tools-for-stm32.13.3.rel1.win32_1.0.0.202411081344/tools/bin/../lib/gcc/arm-none-eabi/13.3.1/../../../../arm-none-eabi/lib/thumb/v6-m/nofp\libc_nano.a(libc_a-findfp.o)
 .text.stdio_exit_handler
                0x0800ee7c       0x1c C:/ST/STM32CubeIDE_1.19.0/STM32CubeIDE/plugins/com.st.stm32cube.ide.mcu.externaltools.gnu-tools-for-stm32.13.3.rel1.win32_1.0.0.202411081344/tools/bin/../lib/gcc/arm-none-eabi/13.3.1/../../../../arm-none-eabi/lib/thumb/v6-m/nofp\libc_nano.a(libc_a-findfp.o)
 .text.cleanup_stdio
                0x0800ee98       0x3c C:/ST/STM32CubeIDE_1.19.0/STM32CubeIDE/plugins/com.st.stm32cube.ide.mcu.externaltools.gnu-tools-for-stm32.13.3.rel1.win32_1.0.0.202411081344/tools/bin/../lib/gcc/arm-none-eabi/13.3.1/../../../../arm-none-eabi/lib/thumb/v6-m/nofp\libc_nano.a(libc_a-findfp.o)
 .text.global_stdio_init.part.0
                0x0800eed4       0x3c C:/ST/STM32CubeIDE_1.19.0/STM32CubeIDE/plugins/com.st.stm32cube.ide.mcu.externaltools.gnu-tools-for-stm32.13.3.rel1.win32_1.0.0.202411081344/tools/bin/../lib/gcc/arm-none-eabi/13.3.1/../../../../arm-none-eabi/lib/thumb/v6-m/nofp\libc_nano.a(libc_a-findfp.o)
 .text.__sfp_lock_acquire
                0x0800ef10       0x10 C:/ST/STM32CubeIDE_1.19.0/STM32CubeIDE/plugins/com.st.stm32cube.ide.mcu.externaltools.gnu-tools-for-stm32.13.3.rel1.win32_1.0.0.202411081344/tools/bin/../lib/gcc/arm-none-eabi/13.3.1/../../../../arm-none-eabi/lib/thumb/v6-m/nofp\libc_nano.a(libc_a-findfp.o)
                0x0800ef10                __sfp_lock_acquire
 .text.__sfp_lock_release
                0x0800ef20       0x10 C:/ST/STM32CubeIDE_1.19.0/STM32CubeIDE/plugins/com.st.stm32cube.ide.mcu.externaltools.gnu-tools-for-stm32.13.3.rel1.win32_1.0.0.202411081344/tools/bin/../lib/gcc/arm-none-eabi/13.3.1/../../../../arm-none-eabi/lib/thumb/v6-m/nofp\libc_nano.a(libc_a-findfp.o)
                0x0800ef20                __sfp_lock_release
 .text.__sinit  0x0800ef30       0x30 C:/ST/STM32CubeIDE_1.19.0/STM32CubeIDE/plugins/com.st.stm32cube.ide.mcu.externaltools.gnu-tools-for-stm32.13.3.rel1.win32_1.0.0.202411081344/tools/bin/../lib/gcc/arm-none-eabi/13.3.1/../../../../arm-none-eabi/lib/thumb/v6-m/nofp\libc_nano.a(libc_a-findfp.o)
                0x0800ef30                __sinit
 .text._fwalk_sglue
                0x0800ef60       0x38 C:/ST/STM32CubeIDE_1.19.0/STM32CubeIDE/plugins/com.st.stm32cube.ide.mcu.externaltools.gnu-tools-for-stm32.13.3.rel1.win32_1.0.0.202411081344/tools/bin/../lib/gcc/arm-none-eabi/13.3.1/../../../../arm-none-eabi/lib/thumb/v6-m/nofp\libc_nano.a(libc_a-fwalk.o)
                0x0800ef60                _fwalk_sglue
 .text.snprintf
                0x0800ef98       0x6c C:/ST/STM32CubeIDE_1.19.0/STM32CubeIDE/plugins/com.st.stm32cube.ide.mcu.externaltools.gnu-tools-for-stm32.13.3.rel1.win32_1.0.0.202411081344/tools/bin/../lib/gcc/arm-none-eabi/13.3.1/../../../../arm-none-eabi/lib/thumb/v6-m/nofp\libc_nano.a(libc_a-snprintf.o)
                0x0800ef98                sniprintf
                0x0800ef98                snprintf
 .text.sprintf  0x0800f004       0x44 C:/ST/STM32CubeIDE_1.19.0/STM32CubeIDE/plugins/com.st.stm32cube.ide.mcu.externaltools.gnu-tools-for-stm32.13.3.rel1.win32_1.0.0.202411081344/tools/bin/../lib/gcc/arm-none-eabi/13.3.1/../../../../arm-none-eabi/lib/thumb/v6-m/nofp\libc_nano.a(libc_a-sprintf.o)
                0x0800f004                siprintf
                0x0800f004                sprintf
 .text.__sread  0x0800f048       0x28 C:/ST/STM32CubeIDE_1.19.0/STM32CubeIDE/plugins/com.st.stm32cube.ide.mcu.externaltools.gnu-tools-for-stm32.13.3.rel1.win32_1.0.0.202411081344/tools/bin/../lib/gcc/arm-none-eabi/13.3.1/../../../../arm-none-eabi/lib/thumb/v6-m/nofp\libc_nano.a(libc_a-stdio.o)
                0x0800f048                __sread
 .text.__swrite
                0x0800f070       0x38 C:/ST/STM32CubeIDE_1.19.0/STM32CubeIDE/plugins/com.st.stm32cube.ide.mcu.externaltools.gnu-tools-for-stm32.13.3.rel1.win32_1.0.0.202411081344/tools/bin/../lib/gcc/arm-none-eabi/13.3.1/../../../../arm-none-eabi/lib/thumb/v6-m/nofp\libc_nano.a(libc_a-stdio.o)
                0x0800f070                __swrite
 .text.__sseek  0x0800f0a8       0x2c C:/ST/STM32CubeIDE_1.19.0/STM32CubeIDE/plugins/com.st.stm32cube.ide.mcu.externaltools.gnu-tools-for-stm32.13.3.rel1.win32_1.0.0.202411081344/tools/bin/../lib/gcc/arm-none-eabi/13.3.1/../../../../arm-none-eabi/lib/thumb/v6-m/nofp\libc_nano.a(libc_a-stdio.o)
                0x0800f0a8                __sseek
 .text.__sclose
                0x0800f0d4        0xc C:/ST/STM32CubeIDE_1.19.0/STM32CubeIDE/plugins/com.st.stm32cube.ide.mcu.externaltools.gnu-tools-for-stm32.13.3.rel1.win32_1.0.0.202411081344/tools/bin/../lib/gcc/arm-none-eabi/13.3.1/../../../../arm-none-eabi/lib/thumb/v6-m/nofp\libc_nano.a(libc_a-stdio.o)
                0x0800f0d4                __sclose
 .text.memset   0x0800f0e0       0x10 C:/ST/STM32CubeIDE_1.19.0/STM32CubeIDE/plugins/com.st.stm32cube.ide.mcu.externaltools.gnu-tools-for-stm32.13.3.rel1.win32_1.0.0.202411081344/tools/bin/../lib/gcc/arm-none-eabi/13.3.1/../../../../arm-none-eabi/lib/thumb/v6-m/nofp\libc_nano.a(libc_a-memset.o)
                0x0800f0e0                memset
 .text._localeconv_r
                0x0800f0f0        0x8 C:/ST/STM32CubeIDE_1.19.0/STM32CubeIDE/plugins/com.st.stm32cube.ide.mcu.externaltools.gnu-tools-for-stm32.13.3.rel1.win32_1.0.0.202411081344/tools/bin/../lib/gcc/arm-none-eabi/13.3.1/../../../../arm-none-eabi/lib/thumb/v6-m/nofp\libc_nano.a(libc_a-localeconv.o)
                0x0800f0f0                _localeconv_r
 .text._close_r
                0x0800f0f8       0x24 C:/ST/STM32CubeIDE_1.19.0/STM32CubeIDE/plugins/com.st.stm32cube.ide.mcu.externaltools.gnu-tools-for-stm32.13.3.rel1.win32_1.0.0.202411081344/tools/bin/../lib/gcc/arm-none-eabi/13.3.1/../../../../arm-none-eabi/lib/thumb/v6-m/nofp\libc_nano.a(libc_a-closer.o)
                0x0800f0f8                _close_r
 .text._lseek_r
                0x0800f11c       0x28 C:/ST/STM32CubeIDE_1.19.0/STM32CubeIDE/plugins/com.st.stm32cube.ide.mcu.externaltools.gnu-tools-for-stm32.13.3.rel1.win32_1.0.0.202411081344/tools/bin/../lib/gcc/arm-none-eabi/13.3.1/../../../../arm-none-eabi/lib/thumb/v6-m/nofp\libc_nano.a(libc_a-lseekr.o)
                0x0800f11c                _lseek_r
 .text._read_r  0x0800f144       0x28 C:/ST/STM32CubeIDE_1.19.0/STM32CubeIDE/plugins/com.st.stm32cube.ide.mcu.externaltools.gnu-tools-for-stm32.13.3.rel1.win32_1.0.0.202411081344/tools/bin/../lib/gcc/arm-none-eabi/13.3.1/../../../../arm-none-eabi/lib/thumb/v6-m/nofp\libc_nano.a(libc_a-readr.o)
                0x0800f144                _read_r
 .text._write_r
                0x0800f16c       0x28 C:/ST/STM32CubeIDE_1.19.0/STM32CubeIDE/plugins/com.st.stm32cube.ide.mcu.externaltools.gnu-tools-for-stm32.13.3.rel1.win32_1.0.0.202411081344/tools/bin/../lib/gcc/arm-none-eabi/13.3.1/../../../../arm-none-eabi/lib/thumb/v6-m/nofp\libc_nano.a(libc_a-writer.o)
                0x0800f16c                _write_r
 .text.__errno  0x0800f194        0xc C:/ST/STM32CubeIDE_1.19.0/STM32CubeIDE/plugins/com.st.stm32cube.ide.mcu.externaltools.gnu-tools-for-stm32.13.3.rel1.win32_1.0.0.202411081344/tools/bin/../lib/gcc/arm-none-eabi/13.3.1/../../../../arm-none-eabi/lib/thumb/v6-m/nofp\libc_nano.a(libc_a-errno.o)
                0x0800f194                __errno
 .text.__libc_init_array
                0x0800f1a0       0x48 C:/ST/STM32CubeIDE_1.19.0/STM32CubeIDE/plugins/com.st.stm32cube.ide.mcu.externaltools.gnu-tools-for-stm32.13.3.rel1.win32_1.0.0.202411081344/tools/bin/../lib/gcc/arm-none-eabi/13.3.1/../../../../arm-none-eabi/lib/thumb/v6-m/nofp\libc_nano.a(libc_a-init.o)
                0x0800f1a0                __libc_init_array
 .text.__retarget_lock_init_recursive
                0x0800f1e8        0x2 C:/ST/STM32CubeIDE_1.19.0/STM32CubeIDE/plugins/com.st.stm32cube.ide.mcu.externaltools.gnu-tools-for-stm32.13.3.rel1.win32_1.0.0.202411081344/tools/bin/../lib/gcc/arm-none-eabi/13.3.1/../../../../arm-none-eabi/lib/thumb/v6-m/nofp\libc_nano.a(libc_a-lock.o)
                0x0800f1e8                __retarget_lock_init_recursive
 .text.__retarget_lock_acquire_recursive
                0x0800f1ea        0x2 C:/ST/STM32CubeIDE_1.19.0/STM32CubeIDE/plugins/com.st.stm32cube.ide.mcu.externaltools.gnu-tools-for-stm32.13.3.rel1.win32_1.0.0.202411081344/tools/bin/../lib/gcc/arm-none-eabi/13.3.1/../../../../arm-none-eabi/lib/thumb/v6-m/nofp\libc_nano.a(libc_a-lock.o)
                0x0800f1ea                __retarget_lock_acquire_recursive
 .text.__retarget_lock_release_recursive
                0x0800f1ec        0x2 C:/ST/STM32CubeIDE_1.19.0/STM32CubeIDE/plugins/com.st.stm32cube.ide.mcu.externaltools.gnu-tools-for-stm32.13.3.rel1.win32_1.0.0.202411081344/tools/bin/../lib/gcc/arm-none-eabi/13.3.1/../../../../arm-none-eabi/lib/thumb/v6-m/nofp\libc_nano.a(libc_a-lock.o)
                0x0800f1ec                __retarget_lock_release_recursive
 .text.memchr   0x0800f1ee       0x16 C:/ST/STM32CubeIDE_1.19.0/STM32CubeIDE/plugins/com.st.stm32cube.ide.mcu.externaltools.gnu-tools-for-stm32.13.3.rel1.win32_1.0.0.202411081344/tools/bin/../lib/gcc/arm-none-eabi/13.3.1/../../../../arm-none-eabi/lib/thumb/v6-m/nofp\libc_nano.a(libc_a-memchr-stub.o)
                0x0800f1ee                memchr
 .text.memcpy   0x0800f204       0x12 C:/ST/STM32CubeIDE_1.19.0/STM32CubeIDE/plugins/com.st.stm32cube.ide.mcu.externaltools.gnu-tools-for-stm32.13.3.rel1.win32_1.0.0.202411081344/tools/bin/../lib/gcc/arm-none-eabi/13.3.1/../../../../arm-none-eabi/lib/thumb/v6-m/nofp\libc_nano.a(libc_a-memcpy-stub.o)
                0x0800f204                memcpy
 *fill*         0x0800f216        0x2 
 .text.nanf     0x0800f218        0x8 C:/ST/STM32CubeIDE_1.19.0/STM32CubeIDE/plugins/com.st.stm32cube.ide.mcu.externaltools.gnu-tools-for-stm32.13.3.rel1.win32_1.0.0.202411081344/tools/bin/../lib/gcc/arm-none-eabi/13.3.1/../../../../arm-none-eabi/lib/thumb/v6-m/nofp\libc_nano.a(libm_a-sf_nan.o)
                0x0800f218                nanf
 .text.quorem   0x0800f220      0x10a C:/ST/STM32CubeIDE_1.19.0/STM32CubeIDE/plugins/com.st.stm32cube.ide.mcu.externaltools.gnu-tools-for-stm32.13.3.rel1.win32_1.0.0.202411081344/tools/bin/../lib/gcc/arm-none-eabi/13.3.1/../../../../arm-none-eabi/lib/thumb/v6-m/nofp\libc_nano.a(libc_a-dtoa.o)
 *fill*         0x0800f32a        0x2 
 .text._dtoa_r  0x0800f32c      0xbe0 C:/ST/STM32CubeIDE_1.19.0/STM32CubeIDE/plugins/com.st.stm32cube.ide.mcu.externaltools.gnu-tools-for-stm32.13.3.rel1.win32_1.0.0.202411081344/tools/bin/../lib/gcc/arm-none-eabi/13.3.1/../../../../arm-none-eabi/lib/thumb/v6-m/nofp\libc_nano.a(libc_a-dtoa.o)
                0x0800f32c                _dtoa_r
 .text._free_r  0x0800ff0c       0x94 C:/ST/STM32CubeIDE_1.19.0/STM32CubeIDE/plugins/com.st.stm32cube.ide.mcu.externaltools.gnu-tools-for-stm32.13.3.rel1.win32_1.0.0.202411081344/tools/bin/../lib/gcc/arm-none-eabi/13.3.1/../../../../arm-none-eabi/lib/thumb/v6-m/nofp\libc_nano.a(libc_a-freer.o)
                0x0800ff0c                _free_r
 .text.malloc   0x0800ffa0       0x14 C:/ST/STM32CubeIDE_1.19.0/STM32CubeIDE/plugins/com.st.stm32cube.ide.mcu.externaltools.gnu-tools-for-stm32.13.3.rel1.win32_1.0.0.202411081344/tools/bin/../lib/gcc/arm-none-eabi/13.3.1/../../../../arm-none-eabi/lib/thumb/v6-m/nofp\libc_nano.a(libc_a-malloc.o)
                0x0800ffa0                malloc
 .text.sbrk_aligned
                0x0800ffb4       0x44 C:/ST/STM32CubeIDE_1.19.0/STM32CubeIDE/plugins/com.st.stm32cube.ide.mcu.externaltools.gnu-tools-for-stm32.13.3.rel1.win32_1.0.0.202411081344/tools/bin/../lib/gcc/arm-none-eabi/13.3.1/../../../../arm-none-eabi/lib/thumb/v6-m/nofp\libc_nano.a(libc_a-mallocr.o)
 .text._malloc_r
                0x0800fff8      0x100 C:/ST/STM32CubeIDE_1.19.0/STM32CubeIDE/plugins/com.st.stm32cube.ide.mcu.externaltools.gnu-tools-for-stm32.13.3.rel1.win32_1.0.0.202411081344/tools/bin/../lib/gcc/arm-none-eabi/13.3.1/../../../../arm-none-eabi/lib/thumb/v6-m/nofp\libc_nano.a(libc_a-mallocr.o)
                0x0800fff8                _malloc_r
 .text.__malloc_lock
                0x080100f8       0x10 C:/ST/STM32CubeIDE_1.19.0/STM32CubeIDE/plugins/com.st.stm32cube.ide.mcu.externaltools.gnu-tools-for-stm32.13.3.rel1.win32_1.0.0.202411081344/tools/bin/../lib/gcc/arm-none-eabi/13.3.1/../../../../arm-none-eabi/lib/thumb/v6-m/nofp\libc_nano.a(libc_a-mlock.o)
                0x080100f8                __malloc_lock
 .text.__malloc_unlock
                0x08010108       0x10 C:/ST/STM32CubeIDE_1.19.0/STM32CubeIDE/plugins/com.st.stm32cube.ide.mcu.externaltools.gnu-tools-for-stm32.13.3.rel1.win32_1.0.0.202411081344/tools/bin/../lib/gcc/arm-none-eabi/13.3.1/../../../../arm-none-eabi/lib/thumb/v6-m/nofp\libc_nano.a(libc_a-mlock.o)
                0x08010108                __malloc_unlock
 .text._Balloc  0x08010118       0x88 C:/ST/STM32CubeIDE_1.19.0/STM32CubeIDE/plugins/com.st.stm32cube.ide.mcu.externaltools.gnu-tools-for-stm32.13.3.rel1.win32_1.0.0.202411081344/tools/bin/../lib/gcc/arm-none-eabi/13.3.1/../../../../arm-none-eabi/lib/thumb/v6-m/nofp\libc_nano.a(libc_a-mprec.o)
                0x08010118                _Balloc
 .text._Bfree   0x080101a0       0x48 C:/ST/STM32CubeIDE_1.19.0/STM32CubeIDE/plugins/com.st.stm32cube.ide.mcu.externaltools.gnu-tools-for-stm32.13.3.rel1.win32_1.0.0.202411081344/tools/bin/../lib/gcc/arm-none-eabi/13.3.1/../../../../arm-none-eabi/lib/thumb/v6-m/nofp\libc_nano.a(libc_a-mprec.o)
                0x080101a0                _Bfree
 .text.__multadd
                0x080101e8       0x88 C:/ST/STM32CubeIDE_1.19.0/STM32CubeIDE/plugins/com.st.stm32cube.ide.mcu.externaltools.gnu-tools-for-stm32.13.3.rel1.win32_1.0.0.202411081344/tools/bin/../lib/gcc/arm-none-eabi/13.3.1/../../../../arm-none-eabi/lib/thumb/v6-m/nofp\libc_nano.a(libc_a-mprec.o)
                0x080101e8                __multadd
 .text.__s2b    0x08010270       0x98 C:/ST/STM32CubeIDE_1.19.0/STM32CubeIDE/plugins/com.st.stm32cube.ide.mcu.externaltools.gnu-tools-for-stm32.13.3.rel1.win32_1.0.0.202411081344/tools/bin/../lib/gcc/arm-none-eabi/13.3.1/../../../../arm-none-eabi/lib/thumb/v6-m/nofp\libc_nano.a(libc_a-mprec.o)
                0x08010270                __s2b
 .text.__hi0bits
                0x08010308       0x42 C:/ST/STM32CubeIDE_1.19.0/STM32CubeIDE/plugins/com.st.stm32cube.ide.mcu.externaltools.gnu-tools-for-stm32.13.3.rel1.win32_1.0.0.202411081344/tools/bin/../lib/gcc/arm-none-eabi/13.3.1/../../../../arm-none-eabi/lib/thumb/v6-m/nofp\libc_nano.a(libc_a-mprec.o)
                0x08010308                __hi0bits
 .text.__lo0bits
                0x0801034a       0x5c C:/ST/STM32CubeIDE_1.19.0/STM32CubeIDE/plugins/com.st.stm32cube.ide.mcu.externaltools.gnu-tools-for-stm32.13.3.rel1.win32_1.0.0.202411081344/tools/bin/../lib/gcc/arm-none-eabi/13.3.1/../../../../arm-none-eabi/lib/thumb/v6-m/nofp\libc_nano.a(libc_a-mprec.o)
                0x0801034a                __lo0bits
 *fill*         0x080103a6        0x2 
 .text.__i2b    0x080103a8       0x30 C:/ST/STM32CubeIDE_1.19.0/STM32CubeIDE/plugins/com.st.stm32cube.ide.mcu.externaltools.gnu-tools-for-stm32.13.3.rel1.win32_1.0.0.202411081344/tools/bin/../lib/gcc/arm-none-eabi/13.3.1/../../../../arm-none-eabi/lib/thumb/v6-m/nofp\libc_nano.a(libc_a-mprec.o)
                0x080103a8                __i2b
 .text.__multiply
                0x080103d8      0x154 C:/ST/STM32CubeIDE_1.19.0/STM32CubeIDE/plugins/com.st.stm32cube.ide.mcu.externaltools.gnu-tools-for-stm32.13.3.rel1.win32_1.0.0.202411081344/tools/bin/../lib/gcc/arm-none-eabi/13.3.1/../../../../arm-none-eabi/lib/thumb/v6-m/nofp\libc_nano.a(libc_a-mprec.o)
                0x080103d8                __multiply
 .text.__pow5mult
                0x0801052c       0xb8 C:/ST/STM32CubeIDE_1.19.0/STM32CubeIDE/plugins/com.st.stm32cube.ide.mcu.externaltools.gnu-tools-for-stm32.13.3.rel1.win32_1.0.0.202411081344/tools/bin/../lib/gcc/arm-none-eabi/13.3.1/../../../../arm-none-eabi/lib/thumb/v6-m/nofp\libc_nano.a(libc_a-mprec.o)
                0x0801052c                __pow5mult
 .text.__lshift
                0x080105e4       0xd8 C:/ST/STM32CubeIDE_1.19.0/STM32CubeIDE/plugins/com.st.stm32cube.ide.mcu.externaltools.gnu-tools-for-stm32.13.3.rel1.win32_1.0.0.202411081344/tools/bin/../lib/gcc/arm-none-eabi/13.3.1/../../../../arm-none-eabi/lib/thumb/v6-m/nofp\libc_nano.a(libc_a-mprec.o)
                0x080105e4                __lshift
 .text.__mcmp   0x080106bc       0x36 C:/ST/STM32CubeIDE_1.19.0/STM32CubeIDE/plugins/com.st.stm32cube.ide.mcu.externaltools.gnu-tools-for-stm32.13.3.rel1.win32_1.0.0.202411081344/tools/bin/../lib/gcc/arm-none-eabi/13.3.1/../../../../arm-none-eabi/lib/thumb/v6-m/nofp\libc_nano.a(libc_a-mprec.o)
                0x080106bc                __mcmp
 *fill*         0x080106f2        0x2 
 .text.__mdiff  0x080106f4      0x134 C:/ST/STM32CubeIDE_1.19.0/STM32CubeIDE/plugins/com.st.stm32cube.ide.mcu.externaltools.gnu-tools-for-stm32.13.3.rel1.win32_1.0.0.202411081344/tools/bin/../lib/gcc/arm-none-eabi/13.3.1/../../../../arm-none-eabi/lib/thumb/v6-m/nofp\libc_nano.a(libc_a-mprec.o)
                0x080106f4                __mdiff
 .text.__ulp    0x08010828       0x40 C:/ST/STM32CubeIDE_1.19.0/STM32CubeIDE/plugins/com.st.stm32cube.ide.mcu.externaltools.gnu-tools-for-stm32.13.3.rel1.win32_1.0.0.202411081344/tools/bin/../lib/gcc/arm-none-eabi/13.3.1/../../../../arm-none-eabi/lib/thumb/v6-m/nofp\libc_nano.a(libc_a-mprec.o)
                0x08010828                __ulp
 .text.__b2d    0x08010868       0x98 C:/ST/STM32CubeIDE_1.19.0/STM32CubeIDE/plugins/com.st.stm32cube.ide.mcu.externaltools.gnu-tools-for-stm32.13.3.rel1.win32_1.0.0.202411081344/tools/bin/../lib/gcc/arm-none-eabi/13.3.1/../../../../arm-none-eabi/lib/thumb/v6-m/nofp\libc_nano.a(libc_a-mprec.o)
                0x08010868                __b2d
 .text.__d2b    0x08010900       0xc0 C:/ST/STM32CubeIDE_1.19.0/STM32CubeIDE/plugins/com.st.stm32cube.ide.mcu.externaltools.gnu-tools-for-stm32.13.3.rel1.win32_1.0.0.202411081344/tools/bin/../lib/gcc/arm-none-eabi/13.3.1/../../../../arm-none-eabi/lib/thumb/v6-m/nofp\libc_nano.a(libc_a-mprec.o)
                0x08010900                __d2b
 .text.__ratio  0x080109c0       0x54 C:/ST/STM32CubeIDE_1.19.0/STM32CubeIDE/plugins/com.st.stm32cube.ide.mcu.externaltools.gnu-tools-for-stm32.13.3.rel1.win32_1.0.0.202411081344/tools/bin/../lib/gcc/arm-none-eabi/13.3.1/../../../../arm-none-eabi/lib/thumb/v6-m/nofp\libc_nano.a(libc_a-mprec.o)
                0x080109c0                __ratio
 .text.__copybits
                0x08010a14       0x42 C:/ST/STM32CubeIDE_1.19.0/STM32CubeIDE/plugins/com.st.stm32cube.ide.mcu.externaltools.gnu-tools-for-stm32.13.3.rel1.win32_1.0.0.202411081344/tools/bin/../lib/gcc/arm-none-eabi/13.3.1/../../../../arm-none-eabi/lib/thumb/v6-m/nofp\libc_nano.a(libc_a-mprec.o)
                0x08010a14                __copybits
 .text.__any_on
                0x08010a56       0x46 C:/ST/STM32CubeIDE_1.19.0/STM32CubeIDE/plugins/com.st.stm32cube.ide.mcu.externaltools.gnu-tools-for-stm32.13.3.rel1.win32_1.0.0.202411081344/tools/bin/../lib/gcc/arm-none-eabi/13.3.1/../../../../arm-none-eabi/lib/thumb/v6-m/nofp\libc_nano.a(libc_a-mprec.o)
                0x08010a56                __any_on
 .text.sulp     0x08010a9c       0x30 C:/ST/STM32CubeIDE_1.19.0/STM32CubeIDE/plugins/com.st.stm32cube.ide.mcu.externaltools.gnu-tools-for-stm32.13.3.rel1.win32_1.0.0.202411081344/tools/bin/../lib/gcc/arm-none-eabi/13.3.1/../../../../arm-none-eabi/lib/thumb/v6-m/nofp\libc_nano.a(libc_a-strtod.o)
 .text._strtod_l
                0x08010acc      0xbfc C:/ST/STM32CubeIDE_1.19.0/STM32CubeIDE/plugins/com.st.stm32cube.ide.mcu.externaltools.gnu-tools-for-stm32.13.3.rel1.win32_1.0.0.202411081344/tools/bin/../lib/gcc/arm-none-eabi/13.3.1/../../../../arm-none-eabi/lib/thumb/v6-m/nofp\libc_nano.a(libc_a-strtod.o)
                0x08010acc                _strtod_l
 .text._strtod_r
                0x080116c8       0x10 C:/ST/STM32CubeIDE_1.19.0/STM32CubeIDE/plugins/com.st.stm32cube.ide.mcu.externaltools.gnu-tools-for-stm32.13.3.rel1.win32_1.0.0.202411081344/tools/bin/../lib/gcc/arm-none-eabi/13.3.1/../../../../arm-none-eabi/lib/thumb/v6-m/nofp\libc_nano.a(libc_a-strtod.o)
                0x080116c8                _strtod_r
 .text._strtol_l.isra.0
                0x080116d8      0x114 C:/ST/STM32CubeIDE_1.19.0/STM32CubeIDE/plugins/com.st.stm32cube.ide.mcu.externaltools.gnu-tools-for-stm32.13.3.rel1.win32_1.0.0.202411081344/tools/bin/../lib/gcc/arm-none-eabi/13.3.1/../../../../arm-none-eabi/lib/thumb/v6-m/nofp\libc_nano.a(libc_a-strtol.o)
 .text._strtol_r
                0x080117ec        0x8 C:/ST/STM32CubeIDE_1.19.0/STM32CubeIDE/plugins/com.st.stm32cube.ide.mcu.externaltools.gnu-tools-for-stm32.13.3.rel1.win32_1.0.0.202411081344/tools/bin/../lib/gcc/arm-none-eabi/13.3.1/../../../../arm-none-eabi/lib/thumb/v6-m/nofp\libc_nano.a(libc_a-strtol.o)
                0x080117ec                _strtol_r
 .text.__ssputs_r
                0x080117f4       0xc0 C:/ST/STM32CubeIDE_1.19.0/STM32CubeIDE/plugins/com.st.stm32cube.ide.mcu.externaltools.gnu-tools-for-stm32.13.3.rel1.win32_1.0.0.202411081344/tools/bin/../lib/gcc/arm-none-eabi/13.3.1/../../../../arm-none-eabi/lib/thumb/v6-m/nofp\libc_nano.a(libc_a-nano-svfprintf.o)
                0x080117f4                __ssputs_r
 .text._svfprintf_r
                0x080118b4      0x1fc C:/ST/STM32CubeIDE_1.19.0/STM32CubeIDE/plugins/com.st.stm32cube.ide.mcu.externaltools.gnu-tools-for-stm32.13.3.rel1.win32_1.0.0.202411081344/tools/bin/../lib/gcc/arm-none-eabi/13.3.1/../../../../arm-none-eabi/lib/thumb/v6-m/nofp\libc_nano.a(libc_a-nano-svfprintf.o)
                0x080118b4                _svfiprintf_r
                0x080118b4                _svfprintf_r
 .text.__sflush_r
                0x08011ab0      0x10c C:/ST/STM32CubeIDE_1.19.0/STM32CubeIDE/plugins/com.st.stm32cube.ide.mcu.externaltools.gnu-tools-for-stm32.13.3.rel1.win32_1.0.0.202411081344/tools/bin/../lib/gcc/arm-none-eabi/13.3.1/../../../../arm-none-eabi/lib/thumb/v6-m/nofp\libc_nano.a(libc_a-fflush.o)
                0x08011ab0                __sflush_r
 .text._fflush_r
                0x08011bbc       0x56 C:/ST/STM32CubeIDE_1.19.0/STM32CubeIDE/plugins/com.st.stm32cube.ide.mcu.externaltools.gnu-tools-for-stm32.13.3.rel1.win32_1.0.0.202411081344/tools/bin/../lib/gcc/arm-none-eabi/13.3.1/../../../../arm-none-eabi/lib/thumb/v6-m/nofp\libc_nano.a(libc_a-fflush.o)
                0x08011bbc                _fflush_r
 .text.memmove  0x08011c12       0x24 C:/ST/STM32CubeIDE_1.19.0/STM32CubeIDE/plugins/com.st.stm32cube.ide.mcu.externaltools.gnu-tools-for-stm32.13.3.rel1.win32_1.0.0.202411081344/tools/bin/../lib/gcc/arm-none-eabi/13.3.1/../../../../arm-none-eabi/lib/thumb/v6-m/nofp\libc_nano.a(libc_a-memmove.o)
                0x08011c12                memmove
 .text.strncmp  0x08011c36       0x22 C:/ST/STM32CubeIDE_1.19.0/STM32CubeIDE/plugins/com.st.stm32cube.ide.mcu.externaltools.gnu-tools-for-stm32.13.3.rel1.win32_1.0.0.202411081344/tools/bin/../lib/gcc/arm-none-eabi/13.3.1/../../../../arm-none-eabi/lib/thumb/v6-m/nofp\libc_nano.a(libc_a-strncmp.o)
                0x08011c36                strncmp
 .text._sbrk_r  0x08011c58       0x24 C:/ST/STM32CubeIDE_1.19.0/STM32CubeIDE/plugins/com.st.stm32cube.ide.mcu.externaltools.gnu-tools-for-stm32.13.3.rel1.win32_1.0.0.202411081344/tools/bin/../lib/gcc/arm-none-eabi/13.3.1/../../../../arm-none-eabi/lib/thumb/v6-m/nofp\libc_nano.a(libc_a-sbrkr.o)
                0x08011c58                _sbrk_r
 .text.nan      0x08011c7c        0xc C:/ST/STM32CubeIDE_1.19.0/STM32CubeIDE/plugins/com.st.stm32cube.ide.mcu.externaltools.gnu-tools-for-stm32.13.3.rel1.win32_1.0.0.202411081344/tools/bin/../lib/gcc/arm-none-eabi/13.3.1/../../../../arm-none-eabi/lib/thumb/v6-m/nofp\libc_nano.a(libm_a-s_nan.o)
                0x08011c7c                nan
 .text.__assert_func
                0x08011c88       0x3c C:/ST/STM32CubeIDE_1.19.0/STM32CubeIDE/plugins/com.st.stm32cube.ide.mcu.externaltools.gnu-tools-for-stm32.13.3.rel1.win32_1.0.0.202411081344/tools/bin/../lib/gcc/arm-none-eabi/13.3.1/../../../../arm-none-eabi/lib/thumb/v6-m/nofp\libc_nano.a(libc_a-assert.o)
                0x08011c88                __assert_func
 .text._calloc_r
                0x08011cc4       0x5a C:/ST/STM32CubeIDE_1.19.0/STM32CubeIDE/plugins/com.st.stm32cube.ide.mcu.externaltools.gnu-tools-for-stm32.13.3.rel1.win32_1.0.0.202411081344/tools/bin/../lib/gcc/arm-none-eabi/13.3.1/../../../../arm-none-eabi/lib/thumb/v6-m/nofp\libc_nano.a(libc_a-callocr.o)
                0x08011cc4                _calloc_r
 .text.rshift   0x08011d1e       0xa6 C:/ST/STM32CubeIDE_1.19.0/STM32CubeIDE/plugins/com.st.stm32cube.ide.mcu.externaltools.gnu-tools-for-stm32.13.3.rel1.win32_1.0.0.202411081344/tools/bin/../lib/gcc/arm-none-eabi/13.3.1/../../../../arm-none-eabi/lib/thumb/v6-m/nofp\libc_nano.a(libc_a-gdtoa-gethex.o)
 .text.__hexdig_fun
                0x08011dc4       0x2a C:/ST/STM32CubeIDE_1.19.0/STM32CubeIDE/plugins/com.st.stm32cube.ide.mcu.externaltools.gnu-tools-for-stm32.13.3.rel1.win32_1.0.0.202411081344/tools/bin/../lib/gcc/arm-none-eabi/13.3.1/../../../../arm-none-eabi/lib/thumb/v6-m/nofp\libc_nano.a(libc_a-gdtoa-gethex.o)
                0x08011dc4                __hexdig_fun
 *fill*         0x08011dee        0x2 
 .text.__gethex
                0x08011df0      0x448 C:/ST/STM32CubeIDE_1.19.0/STM32CubeIDE/plugins/com.st.stm32cube.ide.mcu.externaltools.gnu-tools-for-stm32.13.3.rel1.win32_1.0.0.202411081344/tools/bin/../lib/gcc/arm-none-eabi/13.3.1/../../../../arm-none-eabi/lib/thumb/v6-m/nofp\libc_nano.a(libc_a-gdtoa-gethex.o)
                0x08011df0                __gethex
 .text.L_shift  0x08012238       0x24 C:/ST/STM32CubeIDE_1.19.0/STM32CubeIDE/plugins/com.st.stm32cube.ide.mcu.externaltools.gnu-tools-for-stm32.13.3.rel1.win32_1.0.0.202411081344/tools/bin/../lib/gcc/arm-none-eabi/13.3.1/../../../../arm-none-eabi/lib/thumb/v6-m/nofp\libc_nano.a(libc_a-gdtoa-hexnan.o)
 .text.__match  0x0801225c       0x28 C:/ST/STM32CubeIDE_1.19.0/STM32CubeIDE/plugins/com.st.stm32cube.ide.mcu.externaltools.gnu-tools-for-stm32.13.3.rel1.win32_1.0.0.202411081344/tools/bin/../lib/gcc/arm-none-eabi/13.3.1/../../../../arm-none-eabi/lib/thumb/v6-m/nofp\libc_nano.a(libc_a-gdtoa-hexnan.o)
                0x0801225c                __match
 .text.__hexnan
                0x08012284      0x150 C:/ST/STM32CubeIDE_1.19.0/STM32CubeIDE/plugins/com.st.stm32cube.ide.mcu.externaltools.gnu-tools-for-stm32.13.3.rel1.win32_1.0.0.202411081344/tools/bin/../lib/gcc/arm-none-eabi/13.3.1/../../../../arm-none-eabi/lib/thumb/v6-m/nofp\libc_nano.a(libc_a-gdtoa-hexnan.o)
                0x08012284                __hexnan
 .text.__ascii_mbtowc
                0x080123d4       0x24 C:/ST/STM32CubeIDE_1.19.0/STM32CubeIDE/plugins/com.st.stm32cube.ide.mcu.externaltools.gnu-tools-for-stm32.13.3.rel1.win32_1.0.0.202411081344/tools/bin/../lib/gcc/arm-none-eabi/13.3.1/../../../../arm-none-eabi/lib/thumb/v6-m/nofp\libc_nano.a(libc_a-mbtowc_r.o)
                0x080123d4                __ascii_mbtowc
 .text._realloc_r
                0x080123f8       0x60 C:/ST/STM32CubeIDE_1.19.0/STM32CubeIDE/plugins/com.st.stm32cube.ide.mcu.externaltools.gnu-tools-for-stm32.13.3.rel1.win32_1.0.0.202411081344/tools/bin/../lib/gcc/arm-none-eabi/13.3.1/../../../../arm-none-eabi/lib/thumb/v6-m/nofp\libc_nano.a(libc_a-reallocr.o)
                0x080123f8                _realloc_r
 .text.__ascii_wctomb
                0x08012458       0x1a C:/ST/STM32CubeIDE_1.19.0/STM32CubeIDE/plugins/com.st.stm32cube.ide.mcu.externaltools.gnu-tools-for-stm32.13.3.rel1.win32_1.0.0.202411081344/tools/bin/../lib/gcc/arm-none-eabi/13.3.1/../../../../arm-none-eabi/lib/thumb/v6-m/nofp\libc_nano.a(libc_a-wctomb_r.o)
                0x08012458                __ascii_wctomb
 *fill*         0x08012472        0x2 
 .text.fprintf  0x08012474       0x20 C:/ST/STM32CubeIDE_1.19.0/STM32CubeIDE/plugins/com.st.stm32cube.ide.mcu.externaltools.gnu-tools-for-stm32.13.3.rel1.win32_1.0.0.202411081344/tools/bin/../lib/gcc/arm-none-eabi/13.3.1/../../../../arm-none-eabi/lib/thumb/v6-m/nofp\libc_nano.a(libc_a-fprintf.o)
                0x08012474                fiprintf
                0x08012474                fprintf
 .text.abort    0x08012494        0xe C:/ST/STM32CubeIDE_1.19.0/STM32CubeIDE/plugins/com.st.stm32cube.ide.mcu.externaltools.gnu-tools-for-stm32.13.3.rel1.win32_1.0.0.202411081344/tools/bin/../lib/gcc/arm-none-eabi/13.3.1/../../../../arm-none-eabi/lib/thumb/v6-m/nofp\libc_nano.a(libc_a-abort.o)
                0x08012494                abort
 .text._malloc_usable_size_r
                0x080124a2       0x10 C:/ST/STM32CubeIDE_1.19.0/STM32CubeIDE/plugins/com.st.stm32cube.ide.mcu.externaltools.gnu-tools-for-stm32.13.3.rel1.win32_1.0.0.202411081344/tools/bin/../lib/gcc/arm-none-eabi/13.3.1/../../../../arm-none-eabi/lib/thumb/v6-m/nofp\libc_nano.a(libc_a-msizer.o)
                0x080124a2                _malloc_usable_size_r
 .text.__sfputc_r
                0x080124b2       0x2a C:/ST/STM32CubeIDE_1.19.0/STM32CubeIDE/plugins/com.st.stm32cube.ide.mcu.externaltools.gnu-tools-for-stm32.13.3.rel1.win32_1.0.0.202411081344/tools/bin/../lib/gcc/arm-none-eabi/13.3.1/../../../../arm-none-eabi/lib/thumb/v6-m/nofp\libc_nano.a(libc_a-nano-vfprintf.o)
 .text.__sfputs_r
                0x080124dc       0x24 C:/ST/STM32CubeIDE_1.19.0/STM32CubeIDE/plugins/com.st.stm32cube.ide.mcu.externaltools.gnu-tools-for-stm32.13.3.rel1.win32_1.0.0.202411081344/tools/bin/../lib/gcc/arm-none-eabi/13.3.1/../../../../arm-none-eabi/lib/thumb/v6-m/nofp\libc_nano.a(libc_a-nano-vfprintf.o)
                0x080124dc                __sfputs_r
 .text._vfprintf_r
                0x08012500      0x238 C:/ST/STM32CubeIDE_1.19.0/STM32CubeIDE/plugins/com.st.stm32cube.ide.mcu.externaltools.gnu-tools-for-stm32.13.3.rel1.win32_1.0.0.202411081344/tools/bin/../lib/gcc/arm-none-eabi/13.3.1/../../../../arm-none-eabi/lib/thumb/v6-m/nofp\libc_nano.a(libc_a-nano-vfprintf.o)
                0x08012500                _vfprintf_r
                0x08012500                _vfiprintf_r
 .text.__swbuf_r
                0x08012738       0x84 C:/ST/STM32CubeIDE_1.19.0/STM32CubeIDE/plugins/com.st.stm32cube.ide.mcu.externaltools.gnu-tools-for-stm32.13.3.rel1.win32_1.0.0.202411081344/tools/bin/../lib/gcc/arm-none-eabi/13.3.1/../../../../arm-none-eabi/lib/thumb/v6-m/nofp\libc_nano.a(libc_a-wbuf.o)
                0x08012738                __swbuf_r
 .text.__swsetup_r
                0x080127bc       0xbc C:/ST/STM32CubeIDE_1.19.0/STM32CubeIDE/plugins/com.st.stm32cube.ide.mcu.externaltools.gnu-tools-for-stm32.13.3.rel1.win32_1.0.0.202411081344/tools/bin/../lib/gcc/arm-none-eabi/13.3.1/../../../../arm-none-eabi/lib/thumb/v6-m/nofp\libc_nano.a(libc_a-wsetup.o)
                0x080127bc                __swsetup_r
 .text._raise_r
                0x08012878       0x52 C:/ST/STM32CubeIDE_1.19.0/STM32CubeIDE/plugins/com.st.stm32cube.ide.mcu.externaltools.gnu-tools-for-stm32.13.3.rel1.win32_1.0.0.202411081344/tools/bin/../lib/gcc/arm-none-eabi/13.3.1/../../../../arm-none-eabi/lib/thumb/v6-m/nofp\libc_nano.a(libc_a-signal.o)
                0x08012878                _raise_r
 *fill*         0x080128ca        0x2 
 .text.raise    0x080128cc       0x14 C:/ST/STM32CubeIDE_1.19.0/STM32CubeIDE/plugins/com.st.stm32cube.ide.mcu.externaltools.gnu-tools-for-stm32.13.3.rel1.win32_1.0.0.202411081344/tools/bin/../lib/gcc/arm-none-eabi/13.3.1/../../../../arm-none-eabi/lib/thumb/v6-m/nofp\libc_nano.a(libc_a-signal.o)
                0x080128cc                raise
 .text._kill_r  0x080128e0       0x24 C:/ST/STM32CubeIDE_1.19.0/STM32CubeIDE/plugins/com.st.stm32cube.ide.mcu.externaltools.gnu-tools-for-stm32.13.3.rel1.win32_1.0.0.202411081344/tools/bin/../lib/gcc/arm-none-eabi/13.3.1/../../../../arm-none-eabi/lib/thumb/v6-m/nofp\libc_nano.a(libc_a-signalr.o)
                0x080128e0                _kill_r
 .text._getpid_r
                0x08012904        0x8 C:/ST/STM32CubeIDE_1.19.0/STM32CubeIDE/plugins/com.st.stm32cube.ide.mcu.externaltools.gnu-tools-for-stm32.13.3.rel1.win32_1.0.0.202411081344/tools/bin/../lib/gcc/arm-none-eabi/13.3.1/../../../../arm-none-eabi/lib/thumb/v6-m/nofp\libc_nano.a(libc_a-signalr.o)
                0x08012904                _getpid_r
 .text.__swhatbuf_r
                0x0801290c       0x54 C:/ST/STM32CubeIDE_1.19.0/STM32CubeIDE/plugins/com.st.stm32cube.ide.mcu.externaltools.gnu-tools-for-stm32.13.3.rel1.win32_1.0.0.202411081344/tools/bin/../lib/gcc/arm-none-eabi/13.3.1/../../../../arm-none-eabi/lib/thumb/v6-m/nofp\libc_nano.a(libc_a-makebuf.o)
                0x0801290c                __swhatbuf_r
 .text.__smakebuf_r
                0x08012960       0x82 C:/ST/STM32CubeIDE_1.19.0/STM32CubeIDE/plugins/com.st.stm32cube.ide.mcu.externaltools.gnu-tools-for-stm32.13.3.rel1.win32_1.0.0.202411081344/tools/bin/../lib/gcc/arm-none-eabi/13.3.1/../../../../arm-none-eabi/lib/thumb/v6-m/nofp\libc_nano.a(libc_a-makebuf.o)
                0x08012960                __smakebuf_r
 *fill*         0x080129e2        0x2 
 .text._fstat_r
                0x080129e4       0x24 C:/ST/STM32CubeIDE_1.19.0/STM32CubeIDE/plugins/com.st.stm32cube.ide.mcu.externaltools.gnu-tools-for-stm32.13.3.rel1.win32_1.0.0.202411081344/tools/bin/../lib/gcc/arm-none-eabi/13.3.1/../../../../arm-none-eabi/lib/thumb/v6-m/nofp\libc_nano.a(libc_a-fstatr.o)
                0x080129e4                _fstat_r
 .text._isatty_r
                0x08012a08       0x24 C:/ST/STM32CubeIDE_1.19.0/STM32CubeIDE/plugins/com.st.stm32cube.ide.mcu.externaltools.gnu-tools-for-stm32.13.3.rel1.win32_1.0.0.202411081344/tools/bin/../lib/gcc/arm-none-eabi/13.3.1/../../../../arm-none-eabi/lib/thumb/v6-m/nofp\libc_nano.a(libc_a-isattyr.o)
                0x08012a08                _isatty_r
 *(.glue_7)
 .glue_7        0x08012a2c        0x0 linker stubs
 *(.glue_7t)
 .glue_7t       0x08012a2c        0x0 linker stubs
 *(.eh_frame)
 .eh_frame      0x08012a2c        0x0 C:/ST/STM32CubeIDE_1.19.0/STM32CubeIDE/plugins/com.st.stm32cube.ide.mcu.externaltools.gnu-tools-for-stm32.13.3.rel1.win32_1.0.0.202411081344/tools/bin/../lib/gcc/arm-none-eabi/13.3.1/thumb/v6-m/nofp/crtbegin.o
 *(.init)
 .init          0x08012a2c        0x4 C:/ST/STM32CubeIDE_1.19.0/STM32CubeIDE/plugins/com.st.stm32cube.ide.mcu.externaltools.gnu-tools-for-stm32.13.3.rel1.win32_1.0.0.202411081344/tools/bin/../lib/gcc/arm-none-eabi/13.3.1/thumb/v6-m/nofp/crti.o
                0x08012a2c                _init
 .init          0x08012a30        0x8 C:/ST/STM32CubeIDE_1.19.0/STM32CubeIDE/plugins/com.st.stm32cube.ide.mcu.externaltools.gnu-tools-for-stm32.13.3.rel1.win32_1.0.0.202411081344/tools/bin/../lib/gcc/arm-none-eabi/13.3.1/thumb/v6-m/nofp/crtn.o
 *(.fini)
 .fini          0x08012a38        0x4 C:/ST/STM32CubeIDE_1.19.0/STM32CubeIDE/plugins/com.st.stm32cube.ide.mcu.externaltools.gnu-tools-for-stm32.13.3.rel1.win32_1.0.0.202411081344/tools/bin/../lib/gcc/arm-none-eabi/13.3.1/thumb/v6-m/nofp/crti.o
                0x08012a38                _fini
 .fini          0x08012a3c        0x8 C:/ST/STM32CubeIDE_1.19.0/STM32CubeIDE/plugins/com.st.stm32cube.ide.mcu.externaltools.gnu-tools-for-stm32.13.3.rel1.win32_1.0.0.202411081344/tools/bin/../lib/gcc/arm-none-eabi/13.3.1/thumb/v6-m/nofp/crtn.o
                0x08012a44                        . = ALIGN (0x4)
                0x08012a44                        _etext = .

.vfp11_veneer   0x08012a44        0x0
 .vfp11_veneer  0x08012a44        0x0 linker stubs

.v4_bx          0x08012a44        0x0
 .v4_bx         0x08012a44        0x0 linker stubs

.iplt           0x08012a44        0x0